ARM Linker, 4.1 [Build 791] [Standard]

==============================================================================

Section Cross References

    main.o(.text) refers to _scanf_int.o(.text) for _scanf_int
    main.o(.text) refers to stm32f10x_rcc.o(.text) for RCC_APB2PeriphClockCmd
    main.o(.text) refers to stm32f10x_adc.o(.text) for ADC_Init
    main.o(.text) refers to stm32f10x_dma.o(.text) for DMA_DeInit
    main.o(.text) refers to stm32f10x_gpio.o(.text) for GPIO_Init
    main.o(.text) refers to __0sscanf.o(.text) for __0sscanf
    main.o(.text) refers to can.o(.text) for CAN_SendData
    main.o(.text) refers to rt_memcpy_v6.o(.text) for __aeabi_memcpy
    main.o(.text) refers to main.o(.bss) for AD_value
    main.o(.text) refers to main.o(.data) for AD_value_filter
    main.o(.text) refers to misc.o(.text) for NVIC_PriorityGroupConfig
    main.o(.text) refers to system_stm32f10x.o(.text) for SystemInit
    main.o(.text) refers to f2d.o(x$fpl$f2d) for __aeabi_f2d
    main.o(.text) refers to pow.o(i.pow) for pow
    main.o(.text) refers to dflt_clz.o(x$fpl$dflt) for __aeabi_i2d
    main.o(.text) refers to ddiv.o(x$fpl$ddiv) for __aeabi_ddiv
    main.o(.text) refers to daddsub_clz.o(x$fpl$dadd) for __aeabi_dadd
    main.o(.text) refers to d2f.o(x$fpl$d2f) for __aeabi_d2f
    main.o(.text) refers to fmul.o(x$fpl$fmul) for __aeabi_fmul
    main.o(.text) refers to fflt_clz.o(x$fpl$fflt) for __aeabi_i2f
    main.o(.text) refers to faddsub_clz.o(x$fpl$fadd) for __aeabi_fadd
    stm32f10x_it.o(.text) refers to stm32f10x_usart.o(.text) for USART_GetITStatus
    stm32f10x_it.o(.text) refers to stm32f10x_can.o(.text) for CAN_Receive
    stm32f10x_it.o(.text) refers to can.o(.text) for Comm_Receive_CANmsg_str
    stm32f10x_it.o(.text) refers to main.o(.data) for RxCounter2
    stm32f10x_it.o(.text) refers to main.o(.bss) for RxBuffer2
    can.o(.text) refers to _printf_pad.o(.text) for _printf_pre_padding
    can.o(.text) refers to _printf_percent.o(.ARM.Collect$$_printf_percent$$00000000) for _printf_percent
    can.o(.text) refers to _printf_x.o(.ARM.Collect$$_printf_percent$$0000000C) for _printf_x
    can.o(.text) refers to _printf_hex_int.o(.text) for _printf_longlong_hex
    can.o(.text) refers to _printf_d.o(.ARM.Collect$$_printf_percent$$00000009) for _printf_d
    can.o(.text) refers to _printf_dec.o(.text) for _printf_int_dec
    can.o(.text) refers to stm32f10x_rcc.o(.text) for RCC_APB2PeriphClockCmd
    can.o(.text) refers to stm32f10x_gpio.o(.text) for GPIO_Init
    can.o(.text) refers to misc.o(.text) for NVIC_Init
    can.o(.text) refers to stm32f10x_can.o(.text) for CAN_DeInit
    can.o(.text) refers to noretval__2sprintf.o(.text) for __2sprintf
    can.o(.text) refers to rt_memclr_w.o(.text) for __aeabi_memclr4
    can.o(.text) refers to usart.o(.text) for USART_STR
    usart.o(.text) refers to stm32f10x_rcc.o(.text) for RCC_APB2PeriphClockCmd
    usart.o(.text) refers to stm32f10x_gpio.o(.text) for GPIO_Init
    usart.o(.text) refers to stm32f10x_usart.o(.text) for USART_DeInit
    usart.o(.text) refers to misc.o(.text) for NVIC_PriorityGroupConfig
    usart.o(.text) refers to strlen.o(.text) for strlen
    system_stm32f10x.o(.text) refers to system_stm32f10x.o(.data) for SystemCoreClock
    stm32f10x_adc.o(.text) refers to stm32f10x_rcc.o(.text) for RCC_APB2PeriphResetCmd
    stm32f10x_bkp.o(.text) refers to stm32f10x_rcc.o(.text) for RCC_BackupResetCmd
    stm32f10x_can.o(.text) refers to stm32f10x_rcc.o(.text) for RCC_APB1PeriphResetCmd
    stm32f10x_cec.o(.text) refers to stm32f10x_rcc.o(.text) for RCC_APB1PeriphResetCmd
    stm32f10x_dac.o(.text) refers to stm32f10x_rcc.o(.text) for RCC_APB1PeriphResetCmd
    stm32f10x_gpio.o(.text) refers to stm32f10x_rcc.o(.text) for RCC_APB2PeriphResetCmd
    stm32f10x_i2c.o(.text) refers to stm32f10x_rcc.o(.text) for RCC_APB1PeriphResetCmd
    stm32f10x_pwr.o(.text) refers to stm32f10x_rcc.o(.text) for RCC_APB1PeriphResetCmd
    stm32f10x_rcc.o(.text) refers to stm32f10x_rcc.o(.data) for APBAHBPrescTable
    stm32f10x_spi.o(.text) refers to stm32f10x_rcc.o(.text) for RCC_APB2PeriphResetCmd
    stm32f10x_tim.o(.text) refers to stm32f10x_rcc.o(.text) for RCC_APB2PeriphResetCmd
    stm32f10x_usart.o(.text) refers to stm32f10x_rcc.o(.text) for RCC_APB2PeriphResetCmd
    stm32f10x_wwdg.o(.text) refers to stm32f10x_rcc.o(.text) for RCC_APB1PeriphResetCmd
    startup_stm32f10x_cl.o(STACK) refers (Special) to heapauxi.o(.text) for __use_two_region_memory
    startup_stm32f10x_cl.o(HEAP) refers (Special) to heapauxi.o(.text) for __use_two_region_memory
    startup_stm32f10x_cl.o(RESET) refers (Special) to heapauxi.o(.text) for __use_two_region_memory
    startup_stm32f10x_cl.o(RESET) refers to startup_stm32f10x_cl.o(STACK) for __initial_sp
    startup_stm32f10x_cl.o(RESET) refers to startup_stm32f10x_cl.o(.text) for Reset_Handler
    startup_stm32f10x_cl.o(RESET) refers to stm32f10x_it.o(.text) for NMI_Handler
[...]
    ../../signal.c                           0x00000000   Number         0  defsig_cppl_inner.o ABSOLUTE
    ../../signal.c                           0x00000000   Number         0  __raise.o ABSOLUTE
    ../../signal.c                           0x00000000   Number         0  defsig_stak_inner.o ABSOLUTE
    ../../signal.c                           0x00000000   Number         0  defsig_rtred_inner.o ABSOLUTE
    ../../signal.s                           0x00000000   Number         0  defsig.o ABSOLUTE
    ../../sqrt.c                             0x00000000   Number         0  sqrt.o ABSOLUTE
    ../../sqrt.c                             0x00000000   Number         0  sqrt_x.o ABSOLUTE
    ../../stdlib.c                           0x00000000   Number         0  exit.o ABSOLUTE
    ../../string.c                           0x00000000   Number         0  strlen.o ABSOLUTE
    ../../trapv.s                            0x00000000   Number         0  trapv.o ABSOLUTE
    ../../usenofp.s                          0x00000000   Number         0  usenofp.o ABSOLUTE
    ..\LIB\CMSIS\CM3\CoreSupport\core_cm3.c  0x00000000   Number         0  core_cm3.o ABSOLUTE
    ..\LIB\CMSIS\CM3\DeviceSupport\ST\STM32F10x\startup\arm\startup_stm32f10x_cl.s 0x00000000   Number         0  startup_stm32f10x_cl.o ABSOLUTE
    ..\LIB\CMSIS\CM3\DeviceSupport\ST\STM32F10x\system_stm32f10x.c 0x00000000   Number         0  system_stm32f10x.o ABSOLUTE
    ..\LIB\STM32F10x_StdPeriph_Driver\src\misc.c 0x00000000   Number         0  misc.o ABSOLUTE
    ..\LIB\STM32F10x_StdPeriph_Driver\src\stm32f10x_adc.c 0x00000000   Number         0  stm32f10x_adc.o ABSOLUTE
    ..\LIB\STM32F10x_StdPeriph_Driver\src\stm32f10x_bkp.c 0x00000000   Number         0  stm32f10x_bkp.o ABSOLUTE
    ..\LIB\STM32F10x_StdPeriph_Driver\src\stm32f10x_can.c 0x00000000   Number         0  stm32f10x_can.o ABSOLUTE
    ..\LIB\STM32F10x_StdPeriph_Driver\src\stm32f10x_cec.c 0x00000000   Number         0  stm32f10x_cec.o ABSOLUTE
    ..\LIB\STM32F10x_StdPeriph_Driver\src\stm32f10x_crc.c 0x00000000   Number         0  stm32f10x_crc.o ABSOLUTE
    ..\LIB\STM32F10x_StdPeriph_Driver\src\stm32f10x_dac.c 0x00000000   Number         0  stm32f10x_dac.o ABSOLUTE
    ..\LIB\STM32F10x_StdPeriph_Driver\src\stm32f10x_dbgmcu.c 0x00000000   Number         0  stm32f10x_dbgmcu.o ABSOLUTE
    ..\LIB\STM32F10x_StdPeriph_Driver\src\stm32f10x_dma.c 0x00000000   Number         0  stm32f10x_dma.o ABSOLUTE
    ..\LIB\STM32F10x_StdPeriph_Driver\src\stm32f10x_exti.c 0x00000000   Number         0  stm32f10x_exti.o ABSOLUTE
    ..\LIB\STM32F10x_StdPeriph_Driver\src\stm32f10x_flash.c 0x00000000   Number         0  stm32f10x_flash.o ABSOLUTE
    ..\LIB\STM32F10x_StdPeriph_Driver\src\stm32f10x_fsmc.c 0x00000000   Number         0  stm32f10x_fsmc.o ABSOLUTE
    ..\LIB\STM32F10x_StdPeriph_Driver\src\stm32f10x_gpio.c 0x00000000   Number         0  stm32f10x_gpio.o ABSOLUTE
    ..\LIB\STM32F10x_StdPeriph_Driver\src\stm32f10x_i2c.c 0x00000000   Number         0  stm32f10x_i2c.o ABSOLUTE
    ..\LIB\STM32F10x_StdPeriph_Driver\src\stm32f10x_iwdg.c 0x00000000   Number         0  stm32f10x_iwdg.o ABSOLUTE
    ..\LIB\STM32F10x_StdPeriph_Driver\src\stm32f10x_pwr.c 0x00000000   Number         0  stm32f10x_pwr.o ABSOLUTE
    ..\LIB\STM32F10x_StdPeriph_Driver\src\stm32f10x_rcc.c 0x00000000   Number         0  stm32f10x_rcc.o ABSOLUTE
    ..\LIB\STM32F10x_StdPeriph_Driver\src\stm32f10x_rtc.c 0x00000000   Number         0  stm32f10x_rtc.o ABSOLUTE
    ..\LIB\STM32F10x_StdPeriph_Driver\src\stm32f10x_sdio.c 0x00000000   Number         0  stm32f10x_sdio.o ABSOLUTE
    ..\LIB\STM32F10x_StdPeriph_Driver\src\stm32f10x_spi.c 0x00000000   Number         0  stm32f10x_spi.o ABSOLUTE
    ..\LIB\STM32F10x_StdPeriph_Driver\src\stm32f10x_tim.c 0x00000000   Number         0  stm32f10x_tim.o ABSOLUTE
    ..\LIB\STM32F10x_StdPeriph_Driver\src\stm32f10x_usart.c 0x00000000   Number         0  stm32f10x_usart.o ABSOLUTE
    ..\LIB\STM32F10x_StdPeriph_Driver\src\stm32f10x_wwdg.c 0x00000000   Number         0  stm32f10x_wwdg.o ABSOLUTE
    ..\USER\can.c                            0x00000000   Number         0  can.o ABSOLUTE
    ..\USER\main.c                           0x00000000   Number         0  main.o ABSOLUTE
    ..\USER\stm32f10x_it.c                   0x00000000   Number         0  stm32f10x_it.o ABSOLUTE
    ..\USER\usart.c                          0x00000000   Number         0  usart.o ABSOLUTE
    ..\\LIB\\CMSIS\\CM3\\CoreSupport\\core_cm3.c 0x00000000   Number         0  core_cm3.o ABSOLUTE
    dc.s                                     0x00000000   Number         0  dc.o ABSOLUTE
    RESET                                    0x08000000   Section      336  startup_stm32f10x_cl.o(RESET)
    !!!main                                  0x08000150   Section        8  __main.o(!!!main)
    !!!scatter                               0x08000158   Section       52  __scatter.o(!!!scatter)
    !!handler_copy                           0x0800018c   Section       26  __scatter_copy.o(!!handler_copy)
    !!handler_zi                             0x080001a8   Section       28  __scatter_zi.o(!!handler_zi)
    .ARM.Collect$$_printf_percent$$00000000  0x080001c4   Section        0  _printf_percent.o(.ARM.Collect$$_printf_percent$$00000000)
    .ARM.Collect$$_printf_percent$$00000009  0x080001c4   Section        6  _printf_d.o(.ARM.Collect$$_printf_percent$$00000009)
    .ARM.Collect$$_printf_percent$$0000000C  0x080001ca   Section        6  _printf_x.o(.ARM.Collect$$_printf_percent$$0000000C)
    .ARM.Collect$$_printf_percent$$00000017  0x080001d0   Section        4  _printf_percent_end.o(.ARM.Collect$$_printf_percent$$00000017)
    .ARM.Collect$$libinit$$00000000          0x080001d4   Section        6  libinit.o(.ARM.Collect$$libinit$$00000000)
    .ARM.Collect$$libinit$$00000006          0x080001da   Section        0  libinit2.o(.ARM.Collect$$libinit$$00000006)
    .ARM.Collect$$libinit$$00000008          0x080001da   Section        0  libinit2.o(.ARM.Collect$$libinit$$00000008)
    .ARM.Collect$$libinit$$0000000A          0x080001da   Section        0  libinit2.o(.ARM.Collect$$libinit$$0000000A)
    .ARM.Collect$$libinit$$0000000B          0x080001da   Section        6  libinit2.o(.ARM.Collect$$libinit$$0000000B)
    .ARM.Collect$$libinit$$0000000D          0x080001e0   Section        0  libinit2.o(.ARM.Collect$$libinit$$0000000D)
    .ARM.Collect$$libinit$$0000000E          0x080001e0   Section       12  libinit2.o(.ARM.Collect$$libinit$$0000000E)
    .ARM.Collect$$libinit$$0000000F          0x080001ec   Section        0  libinit2.o(.ARM.Collect$$libinit$$0000000F)
    .ARM.Collect$$libinit$$00000011          0x080001ec   Section        0  libinit2.o(.ARM.Collect$$libinit$$00000011)
    .ARM.Collect$$libinit$$00000013          0x080001ec   Section        0  libinit2.o(.ARM.Collect$$libinit$$00000013)
    .ARM.Collect$$libinit$$00000015          0x080001ec   Section        0  libinit2.o(.ARM.Collect$$libinit$$00000015)
    .ARM.Collect$$libinit$$00000017          0x080001ec   Section        0  libinit2.o(.ARM.Collect$$libinit$$00000017)
    .ARM.Collect$$libinit$$00000019          0x080001ec   Section        0  libinit2.o(.ARM.Collect$$libinit$$00000019)
    .ARM.Collect$$libinit$$0000001B          0x080001ec   Section        0  libinit2.o(.ARM.Collect$$libinit$$0000001B)
    .ARM.Collect$$libinit$$0000001D          0x080001ec   Section        0  libinit2.o(.ARM.Collect$$libinit$$0000001D)
    .ARM.Collect$$libinit$$0000001F          0x080001ec   Section        0  libinit2.o(.ARM.Collect$$libinit$$0000001F)
    .ARM.Collect$$libinit$$00000021          0x080001ec   Section        0  libinit2.o(.ARM.Collect$$libinit$$00000021)
    .ARM.Collect$$libinit$$00000028          0x080001ec   Section        0  libinit2.o(.ARM.Collect$$libinit$$00000028)
    .ARM.Collect$$libinit$$0000002A          0x080001ec   Section        0  libinit2.o(.ARM.Collect$$libinit$$0000002A)
    .ARM.Collect$$libinit$$0000002C          0x080001ec   Section        0  libinit2.o(.ARM.Collect$$libinit$$0000002C)
    .ARM.Collect$$libinit$$0000002E          0x080001ec   Section        0  libinit2.o(.ARM.Collect$$libinit$$0000002E)
    .ARM.Collect$$libinit$$0000002F          0x080001ec   Section        2  libinit2.o(.ARM.Collect$$libinit$$0000002F)
    .ARM.Collect$$libshutdown$$00000000      0x080001ee   Section        2  libshutdown.o(.ARM.Collect$$libshutdown$$00000000)
    .ARM.Collect$$libshutdown$$00000003      0x080001f0   Section        0  libshutdown2.o(.ARM.Collect$$libshutdown$$00000003)
    .ARM.Collect$$libshutdown$$00000006      0x080001f0   Section        0  libshutdown2.o(.ARM.Collect$$libshutdown$$00000006)
    .ARM.Collect$$libshutdown$$00000009      0x080001f0   Section        0  libshutdown2.o(.ARM.Collect$$libshutdown$$00000009)
    .ARM.Collect$$libshutdown$$0000000B      0x080001f0   Section        0  libshutdown2.o(.ARM.Collect$$libshutdown$$0000000B)
    .ARM.Collect$$libshutdown$$0000000E      0x080001f0   Section        0  libshutdown2.o(.ARM.Collect$$libshutdown$$0000000E)
    .ARM.Collect$$libshutdown$$0000000F      0x080001f0   Section        2  libshutdown2.o(.ARM.Collect$$libshutdown$$0000000F)
    .ARM.Collect$$rtentry$$00000000          0x080001f2   Section        0  rtentry.o(.ARM.Collect$$rtentry$$00000000)
    .ARM.Collect$$rtentry$$00000002          0x080001f2   Section        0  rtentry2.o(.ARM.Collect$$rtentry$$00000002)
    .ARM.Collect$$rtentry$$00000004          0x080001f2   Section        6  rtentry4.o(.ARM.Collect$$rtentry$$00000004)
    .ARM.Collect$$rtentry$$00000009          0x080001f8   Section        0  rtentry2.o(.ARM.Collect$$rtentry$$00000009)
    .ARM.Collect$$rtentry$$0000000A          0x080001f8   Section        4  rtentry2.o(.ARM.Collect$$rtentry$$0000000A)
    .ARM.Collect$$rtentry$$0000000C          0x080001fc   Section        0  rtentry2.o(.ARM.Collect$$rtentry$$0000000C)
    .ARM.Collect$$rtentry$$0000000D          0x080001fc   Section        8  rtentry2.o(.ARM.Collect$$rtentry$$0000000D)
    .ARM.Collect$$rtexit$$00000000           0x08000204   Section        2  rtexit.o(.ARM.Collect$$rtexit$$00000000)
    .ARM.Collect$$rtexit$$00000002           0x08000206   Section        0  rtexit2.o(.ARM.Collect$$rtexit$$00000002)
    .ARM.Collect$$rtexit$$00000003           0x08000206   Section        4  rtexit2.o(.ARM.Collect$$rtexit$$00000003)
    .ARM.Collect$$rtexit$$00000004           0x0800020a   Section        6  rtexit2.o(.ARM.Collect$$rtexit$$00000004)
    .text                                    0x08000210   Section        0  main.o(.text)
    .text                                    0x08000870   Section        0  stm32f10x_it.o(.text)
    .text                                    0x080009f8   Section        0  can.o(.text)
    Char2Str                                 0x08000c53   Thumb Code    44  can.o(.text)
    .text                                    0x08000e08   Section        0  usart.o(.text)
    .text                                    0x0800104c   Section        0  system_stm32f10x.o(.text)
    SetSysClockTo72                          0x0800104d   Thumb Code   252  system_stm32f10x.o(.text)
    SetSysClock                              0x08001149   Thumb Code     8  system_stm32f10x.o(.text)
    .text                                    0x080012e4   Section        0  misc.o(.text)
    .text                                    0x080013e4   Section        0  stm32f10x_adc.o(.text)
    .text                                    0x080018bc   Section        0  stm32f10x_can.o(.text)
    CheckITStatus                            0x08002187   Thumb Code    22  stm32f10x_can.o(.text)
    .text                                    0x0800237c   Section        0  stm32f10x_dma.o(.text)
    .text                                    0x080025cc   Section        0  stm32f10x_gpio.o(.text)
    .text                                    0x08002978   Section        0  stm32f10x_rcc.o(.text)
    .text                                    0x08002f00   Section        0  stm32f10x_usart.o(.text)
    .text                                    0x080033a8   Section       64  startup_stm32f10x_cl.o(.text)
    .text                                    0x080033e8   Section        0  noretval__2sprintf.o(.text)
    .text                                    0x08003410   Section        0  _printf_pad.o(.text)
    .text                                    0x08003464   Section        0  _printf_dec.o(.text)
    .text                                    0x080034dc   Section        0  _printf_hex_int.o(.text)
    .text                                    0x08003538   Section        0  __printf_flags_wp.o(.text)
    .text                                    0x08003674   Section        0  __0sscanf.o(.text)
    .text                                    0x080036b0   Section        0  _scanf_int.o(.text)
    .text                                    0x08003800   Section        0  strlen.o(.text)
    .text                                    0x0800383e   Section      138  rt_memcpy_v6.o(.text)
    .text                                    0x080038c8   Section       78  rt_memclr_w.o(.text)
    .text                                    0x08003916   Section        0  heapauxi.o(.text)
    .text                                    0x0800391c   Section        0  _rserrno.o(.text)
    .text                                    0x08003932   Section        0  _printf_intcommon.o(.text)
    .text                                    0x080039ec   Section        0  _printf_char_common.o(.text)
    _printf_input_char                       0x080039ed   Thumb Code    10  _printf_char_common.o(.text)
    .text                                    0x08003a1c   Section        0  _sputc.o(.text)
    .text                                    0x08003a26   Section        0  _chval.o(.text)
    .text                                    0x08003a44   Section        0  scanf_char.o(.text)
    _scanf_char_input                        0x08003a45   Thumb Code    12  scanf_char.o(.text)
    .text                                    0x08003a74   Section        0  _sgetc.o(.text)
    .text                                    0x08003ab4   Section      100  rt_memcpy_w.o(.text)
    .text                                    0x08003b18   Section        8  rt_errno_addr_intlibspace.o(.text)
    .text                                    0x08003b20   Section        0  isspace.o(.text)
    .text                                    0x08003b34   Section        0  _scanf.o(.text)
    .text                                    0x08003eac   Section        8  libspace.o(.text)
    .text                                    0x08003eb4   Section       74  sys_stackheap_outer.o(.text)
    .text                                    0x08003f00   Section       16  rt_ctype_table.o(.text)
    .text                                    0x08003f10   Section        0  exit.o(.text)
    .text                                    0x08003f1c   Section        8  rt_locale_intlibspace.o(.text)
    .text                                    0x08003f24   Section        8  rt_fp_status_addr_intlibspace.o(.text)
    .text                                    0x08003f2c   Section      128  strcmpv7m.o(.text)
    .text                                    0x08003fac   Section        0  sys_exit.o(.text)
    .text                                    0x08003fb8   Section        2  use_no_semi.o(.text)
    .text                                    0x08003fba   Section        0  indicate_semi.o(.text)
    i.__ARM_fpclassify                       0x08003fba   Section        0  fpclassify.o(i.__ARM_fpclassify)
    i.__kernel_poly                          0x08003fe2   Section        0  poly.o(i.__kernel_poly)
    i.__mathlib_dbl_underflow                0x0800408c   Section        0  dunder.o(i.__mathlib_dbl_underflow)
    i._is_digit                              0x0800409c   Section        0  __printf_wp.o(i._is_digit)
    i.pow                                    0x080040ac   Section        0  pow.o(i.pow)
    i.sqrt                                   0x08004a98   Section        0  sqrt.o(i.sqrt)
    locale$$code                             0x08004ae4   Section       44  lc_ctype_c.o(locale$$code)
    x$fpl$d2f                                0x08004b10   Section       98  d2f.o(x$fpl$d2f)
    x$fpl$dadd                               0x08004b74   Section      336  daddsub_clz.o(x$fpl$dadd)
    _dadd1                                   0x08004b85   Thumb Code     0  daddsub_clz.o(x$fpl$dadd)
    x$fpl$dcheck1                            0x08004cc4   Section       16  dcheck1.o(x$fpl$dcheck1)
    x$fpl$dcmpinf                            0x08004cd4   Section       24  dcmpi.o(x$fpl$dcmpinf)
    x$fpl$ddiv                               0x08004cec   Section      688  ddiv.o(x$fpl$ddiv)
    ddiv_entry                               0x08004cf3   Thumb Code     0  ddiv.o(x$fpl$ddiv)
    x$fpl$dflt                               0x08004f9c   Section       46  dflt_clz.o(x$fpl$dflt)
    x$fpl$dleqf                              0x08004fcc   Section      120  dleqf.o(x$fpl$dleqf)
    x$fpl$dmul                               0x08005044   Section      340  dmul.o(x$fpl$dmul)
    x$fpl$dnaninf                            0x08005198   Section      156  dnaninf.o(x$fpl$dnaninf)
    x$fpl$dretinf                            0x08005234   Section       12  dretinf.o(x$fpl$dretinf)
    x$fpl$drleqf                             0x08005240   Section      108  drleqf.o(x$fpl$drleqf)
    x$fpl$drsb                               0x080052ac   Section       22  daddsub_clz.o(x$fpl$drsb)
    x$fpl$dsqrt                              0x080052c4   Section      460  dsqrt_noumaal.o(x$fpl$dsqrt)
    x$fpl$dsub                               0x08005490   Section      468  daddsub_clz.o(x$fpl$dsub)
    _dsub1                                   0x080054a1   Thumb Code     0  daddsub_clz.o(x$fpl$dsub)
    x$fpl$f2d                                0x08005664   Section       86  f2d.o(x$fpl$f2d)
    x$fpl$fadd                               0x080056bc   Section      196  faddsub_clz.o(x$fpl$fadd)
    _fadd1                                   0x080056cb   Thumb Code     0  faddsub_clz.o(x$fpl$fadd)
    x$fpl$fflt                               0x08005780   Section       48  fflt_clz.o(x$fpl$fflt)
    x$fpl$fmul                               0x080057b0   Section      258  fmul.o(x$fpl$fmul)
    x$fpl$fnaninf                            0x080058b2   Section      140  fnaninf.o(x$fpl$fnaninf)
    x$fpl$fpinit                             0x0800593e   Section       14  fpinit.o(x$fpl$fpinit)
    x$fpl$fretinf                            0x0800594c   Section       10  fretinf.o(x$fpl$fretinf)
    x$fpl$fsub                               0x08005958   Section      234  faddsub_clz.o(x$fpl$fsub)
    _fsub1                                   0x08005967   Thumb Code     0  faddsub_clz.o(x$fpl$fsub)
    x$fpl$retnan                             0x08005a42   Section      100  retnan.o(x$fpl$retnan)
    x$fpl$scalbn                             0x08005aa6   Section       92  scalbn.o(x$fpl$scalbn)
    x$fpl$trapveneer                         0x08005b02   Section       48  trapv.o(x$fpl$trapveneer)
    .constdata                               0x08005b32   Section       40  _printf_hex_int.o(.constdata)
    x$fpl$usenofp                            0x08005b32   Section        0  usenofp.o(x$fpl$usenofp)
    uc_hextab                                0x08005b32   Data          20  _printf_hex_int.o(.constdata)
    lc_hextab                                0x08005b46   Data          20  _printf_hex_int.o(.constdata)
    .constdata                               0x08005b5a   Section       17  __printf_flags_wp.o(.constdata)
    maptable                                 0x08005b5a   Data          17  __printf_flags_wp.o(.constdata)
    .constdata                               0x08005b70   Section      136  pow.o(.constdata)
    bp                                       0x08005b70   Data          16  pow.o(.constdata)
    dp_h                                     0x08005b80   Data          16  pow.o(.constdata)
    dp_l                                     0x08005b90   Data          16  pow.o(.constdata)
    L                                        0x08005ba0   Data          48  pow.o(.constdata)
    P                                        0x08005bd0   Data          40  pow.o(.constdata)
    .constdata                               0x08005bf8   Section        8  qnan.o(.constdata)
    locale$$data                             0x08005c20   Section      272  lc_ctype_c.o(locale$$data)
    __lcctype_c_name                         0x08005c24   Data           2  lc_ctype_c.o(locale$$data)
    __lcctype_c_start                        0x08005c2c   Data           0  lc_ctype_c.o(locale$$data)
    __lcctype_c_end                          0x08005d30   Data           0  lc_ctype_c.o(locale$$data)
    .data                                    0x20000000   Section       28  main.o(.data)
    .data                                    0x2000001c   Section       20  system_stm32f10x.o(.data)
    .data                                    0x20000030   Section       20  stm32f10x_rcc.o(.data)
    APBAHBPrescTable                         0x20000030   Data          16  stm32f10x_rcc.o(.data)
    ADCPrescTable                            0x20000040   Data           4  stm32f10x_rcc.o(.data)
    .bss                                     0x20000044   Section     2112  main.o(.bss)
    .bss                                     0x20000884   Section       96  libspace.o(.bss)
    HEAP                                     0x200008e8   Section      512  startup_stm32f10x_cl.o(HEAP)
    Heap_Mem                                 0x200008e8   Data         512  startup_stm32f10x_cl.o(HEAP)
    STACK                                    0x20000ae8   Section     1024  startup_stm32f10x_cl.o(STACK)
    Stack_Mem                                0x20000ae8   Data        1024  startup_stm32f10x_cl.o(STACK)
    __initial_sp                             0x20000ee8   Data           0  startup_stm32f10x_cl.o(STACK)

    Global Symbols

    Symbol Name                              Value     Ov Type        Size  Object(Section)

    BuildAttributes$$THM_ISAv4$P$D$K$B$S$PE$A:L22UL41UL21$X:L11$S22US41US21$IEEE1$IW$USESV6$~STKCKD$USESV7$~SHL$OTIME$ROPI$IEEEX$EBA8$UX$STANDARDLIB$REQ8$PRES8$EABIv2 0x00000000   Number         0  anon$$obj.o ABSOLUTE
    __ARM_use_no_argv                        0x00000000   Number         0  main.o ABSOLUTE
    _printf_flags                            0x00000000   Number         0  printf_stubs.o ABSOLUTE
    _printf_return_value                     0x00000000   Number         0  printf_stubs.o ABSOLUTE
    _printf_sizespec                         0x00000000   Number         0  printf_stubs.o ABSOLUTE
    _printf_widthprec                        0x00000000   Number         0  printf_stubs.o ABSOLUTE
    __ARM_exceptions_init                     - Undefined Weak Reference
    __alloca_initialize                       - Undefined Weak Reference
    __cpp_initialize__aeabi_                  - Undefined Weak Reference
    __cxa_finalize                            - Undefined Weak Reference
    __sigvec_lookup                           - Undefined Weak Reference
    _atexit_init                              - Undefined Weak Reference
    _call_atexit_fns                          - Undefined Weak Reference
    _clock_init                               - Undefined Weak Reference
    _fp_trap_init                             - Undefined Weak Reference
    _fp_trap_shutdown                         - Undefined Weak Reference
    _get_lc_collate                           - Undefined Weak Reference
    _get_lc_monetary                          - Undefined Weak Reference
    _get_lc_numeric                           - Undefined Weak Reference
    _get_lc_time                              - Undefined Weak Reference
    _getenv_init                              - Undefined Weak Reference
    _handle_redirection                       - Undefined Weak Reference
    _init_alloc                               - Undefined Weak Reference
    _init_user_alloc                          - Undefined Weak Reference
    _initio                                   - Undefined Weak Reference
    _printf_truncate_signed                   - Undefined Weak Reference
    _printf_truncate_unsigned                 - Undefined Weak Reference
    _rand_init                                - Undefined Weak Reference
    _scanf_longlong                           - Undefined Weak Reference
    _scanf_mbtowc                             - Undefined Weak Reference
    _scanf_real                               - Undefined Weak Reference
    _scanf_string                             - Undefined Weak Reference
    _scanf_wctomb                             - Undefined Weak Reference
    _scanf_wstring                            - Undefined Weak Reference
    _signal_finish                            - Undefined Weak Reference
    _signal_init                              - Undefined Weak Reference
    _terminate_alloc                          - Undefined Weak Reference
    _terminate_user_alloc                     - Undefined Weak Reference
    _terminateio                              - Undefined Weak Reference
    __Vectors_Size                           0x00000150   Number         0  startup_stm32f10x_cl.o ABSOLUTE
    __Vectors                                0x08000000   Data           4  startup_stm32f10x_cl.o(RESET)
    __Vectors_End                            0x08000150   Data           0  startup_stm32f10x_cl.o(RESET)
    __main                                   0x08000151   Thumb Code     8  __main.o(!!!main)
    __scatterload                            0x08000159   Thumb Code     0  __scatter.o(!!!scatter)
    __scatterload_rt2                        0x08000159   Thumb Code    44  __scatter.o(!!!scatter)
    __scatterload_rt2_thumb_only             0x08000159   Thumb Code     0  __scatter.o(!!!scatter)
    __scatterload_null                       0x08000167   Thumb Code     0  __scatter.o(!!!scatter)
    __scatterload_copy                       0x0800018d   Thumb Code    26  __scatter_copy.o(!!handler_copy)
    __scatterload_zeroinit                   0x080001a9   Thumb Code    28  __scatter_zi.o(!!handler_zi)
    _printf_d                                0x080001c5   Thumb Code     0  _printf_d.o(.ARM.Collect$$_printf_percent$$00000009)
    _printf_percent                          0x080001c5   Thumb Code     0  _printf_percent.o(.ARM.Collect$$_printf_percent$$00000000)
    _printf_x                                0x080001cb   Thumb Code     0  _printf_x.o(.ARM.Collect$$_printf_percent$$0000000C)
    _printf_percent_end                      0x080001d1   Thumb Code     0  _printf_percent_end.o(.ARM.Collect$$_printf_percent$$00000017)
    __rt_lib_init                            0x080001d5   Thumb Code     0  libinit.o(.ARM.Collect$$libinit$$00000000)
    __rt_lib_init_heap_1                     0x080001db   Thumb Code     0  libinit2.o(.ARM.Collect$$libinit$$00000006)
    __rt_lib_init_lc_common                  0x080001db   Thumb Code     0  libinit2.o(.ARM.Collect$$libinit$$0000000B)
    __rt_lib_init_rand_1                     0x080001db   Thumb Code     0  libinit2.o(.ARM.Collect$$libinit$$0000000A)
    __rt_lib_init_user_alloc_1               0x080001db   Thumb Code     0  libinit2.o(.ARM.Collect$$libinit$$00000008)
    __rt_lib_init_lc_collate_1               0x080001e1   Thumb Code     0  libinit2.o(.ARM.Collect$$libinit$$0000000D)
    __rt_lib_init_lc_ctype_2                 0x080001e1   Thumb Code     0  libinit2.o(.ARM.Collect$$libinit$$0000000E)
    __rt_lib_init_alloca_1                   0x080001ed   Thumb Code     0  libinit2.o(.ARM.Collect$$libinit$$0000002A)
    __rt_lib_init_argv_1                     0x080001ed   Thumb Code     0  libinit2.o(.ARM.Collect$$libinit$$00000028)
    __rt_lib_init_atexit_1                   0x080001ed   Thumb Code     0  libinit2.o(.ARM.Collect$$libinit$$00000017)
    __rt_lib_init_clock_1                    0x080001ed   Thumb Code     0  libinit2.o(.ARM.Collect$$libinit$$0000001D)
    __rt_lib_init_cpp_1                      0x080001ed   Thumb Code     0  libinit2.o(.ARM.Collect$$libinit$$0000002E)
    __rt_lib_init_exceptions_1               0x080001ed   Thumb Code     0  libinit2.o(.ARM.Collect$$libinit$$0000002C)
    __rt_lib_init_fp_trap_1                  0x080001ed   Thumb Code     0  libinit2.o(.ARM.Collect$$libinit$$0000001B)
    __rt_lib_init_getenv_1                   0x080001ed   Thumb Code     0  libinit2.o(.ARM.Collect$$libinit$$0000001F)
    __rt_lib_init_lc_ctype_1                 0x080001ed   Thumb Code     0  libinit2.o(.ARM.Collect$$libinit$$0000000F)
    __rt_lib_init_lc_monetary_1              0x080001ed   Thumb Code     0  libinit2.o(.ARM.Collect$$libinit$$00000011)
    __rt_lib_init_lc_numeric_1               0x080001ed   Thumb Code     0  libinit2.o(.ARM.Collect$$libinit$$00000013)
    __rt_lib_init_lc_time_1                  0x080001ed   Thumb Code     0  libinit2.o(.ARM.Collect$$libinit$$00000015)
    __rt_lib_init_return                     0x080001ed   Thumb Code     0  libinit2.o(.ARM.Collect$$libinit$$0000002F)
    __rt_lib_init_signal_1                   0x080001ed   Thumb Code     0  libinit2.o(.ARM.Collect$$libinit$$00000019)
    __rt_lib_init_stdio_1                    0x080001ed   Thumb Code     0  libinit2.o(.ARM.Collect$$libinit$$00000021)
    __rt_lib_shutdown                        0x080001ef   Thumb Code     0  libshutdown.o(.ARM.Collect$$libshutdown$$00000000)
    __rt_lib_shutdown_fp_trap_1              0x080001f1   Thumb Code     0  libshutdown2.o(.ARM.Collect$$libshutdown$$00000006)
    __rt_lib_shutdown_heap_1                 0x080001f1   Thumb Code     0  libshutdown2.o(.ARM.Collect$$libshutdown$$0000000E)
    __rt_lib_shutdown_return                 0x080001f1   Thumb Code     0  libshutdown2.o(.ARM.Collect$$libshutdown$$0000000F)
    __rt_lib_shutdown_signal_1               0x080001f1   Thumb Code     0  libshutdown2.o(.ARM.Collect$$libshutdown$$00000009)
    __rt_lib_shutdown_stdio_1                0x080001f1   Thumb Code     0  libshutdown2.o(.ARM.Collect$$libshutdown$$00000003)
    __rt_lib_shutdown_user_alloc_1           0x080001f1   Thumb Code     0  libshutdown2.o(.ARM.Collect$$libshutdown$$0000000B)
    __rt_entry                               0x080001f3   Thumb Code     0  rtentry.o(.ARM.Collect$$rtentry$$00000000)
    __rt_entry_presh_1                       0x080001f3   Thumb Code     0  rtentry2.o(.ARM.Collect$$rtentry$$00000002)
    __rt_entry_sh                            0x080001f3   Thumb Code     0  rtentry4.o(.ARM.Collect$$rtentry$$00000004)
    __rt_entry_li                            0x080001f9   Thumb Code     0  rtentry2.o(.ARM.Collect$$rtentry$$0000000A)
    __rt_entry_postsh_1                      0x080001f9   Thumb Code     0  rtentry2.o(.ARM.Collect$$rtentry$$00000009)
    __rt_entry_main                          0x080001fd   Thumb Code     0  rtentry2.o(.ARM.Collect$$rtentry$$0000000D)
    __rt_entry_postli_1                      0x080001fd   Thumb Code     0  rtentry2.o(.ARM.Collect$$rtentry$$0000000C)
    __rt_exit                                0x08000205   Thumb Code     0  rtexit.o(.ARM.Collect$$rtexit$$00000000)
    __rt_exit_ls                             0x08000207   Thumb Code     0  rtexit2.o(.ARM.Collect$$rtexit$$00000003)
    __rt_exit_prels_1                        0x08000207   Thumb Code     0  rtexit2.o(.ARM.Collect$$rtexit$$00000002)
    __rt_exit_exit                           0x0800020b   Thumb Code     0  rtexit2.o(.ARM.Collect$$rtexit$$00000004)
    Delay                                    0x08000211   Thumb Code    28  main.o(.text)
    AD_filter                                0x0800022d   Thumb Code    68  main.o(.text)
    ADC_Configuration                        0x08000271   Thumb Code   152  main.o(.text)
    DMA_Configuration                        0x08000309   Thumb Code   100  main.o(.text)
    GPIO_Configuration                       0x0800036d   Thumb Code    28  main.o(.text)
    RCC_Configuration1                       0x08000389   Thumb Code   120  main.o(.text)
    main                                     0x08000401   Thumb Code    44  main.o(.text)
    LED_life                                 0x0800042d   Thumb Code    62  main.o(.text)
    USART2CAN                                0x0800046b   Thumb Code   560  main.o(.text)
    ConvertChar2Hex                          0x0800069b   Thumb Code    54  main.o(.text)
    NVIC_Configuration                       0x080006d1   Thumb Code    22  main.o(.text)
    RCC_Configuration                        0x080006e7   Thumb Code     8  main.o(.text)
    LED_Config                               0x080006ef   Thumb Code    80  main.o(.text)
    PutCharTOdata                            0x0800073f   Thumb Code   288  main.o(.text)
    NMI_Handler                              0x08000871   Thumb Code     2  stm32f10x_it.o(.text)
    USART2_IRQHandler                        0x08000873   Thumb Code   102  stm32f10x_it.o(.text)
    USART3_IRQHandler                        0x080008d9   Thumb Code   102  stm32f10x_it.o(.text)
    CAN1_RX0_IRQHandler                      0x0800093f   Thumb Code    50  stm32f10x_it.o(.text)
    CAN2_RX1_IRQHandler                      0x08000971   Thumb Code    64  stm32f10x_it.o(.text)
    HardFault_Handler                        0x080009b1   Thumb Code     4  stm32f10x_it.o(.text)
    MemManage_Handler                        0x080009b5   Thumb Code     4  stm32f10x_it.o(.text)
    BusFault_Handler                         0x080009b9   Thumb Code     4  stm32f10x_it.o(.text)
    UsageFault_Handler                       0x080009bd   Thumb Code     4  stm32f10x_it.o(.text)
    SVC_Handler                              0x080009c1   Thumb Code     2  stm32f10x_it.o(.text)
    DebugMon_Handler                         0x080009c3   Thumb Code     2  stm32f10x_it.o(.text)
    PendSV_Handler                           0x080009c5   Thumb Code     2  stm32f10x_it.o(.text)
    SysTick_Handler                          0x080009c7   Thumb Code     2  stm32f10x_it.o(.text)
    CAN1_Config                              0x080009f9   Thumb Code   280  can.o(.text)
    CAN2_Config                              0x08000b11   Thumb Code   274  can.o(.text)
    CAN_SendData                             0x08000c23   Thumb Code    48  can.o(.text)
    Comm_Send_CANmsg_str                     0x08000c7f   Thumb Code   168  can.o(.text)
    Comm_Receive_CANmsg_str                  0x08000d27   Thumb Code   168  can.o(.text)
    USART2_Configuration                     0x08000e09   Thumb Code   226  usart.o(.text)
    USART3_Configuration                     0x08000eeb   Thumb Code   226  usart.o(.text)
    USART_Send                               0x08000fcd   Thumb Code    52  usart.o(.text)
    USART_STR                                0x08001001   Thumb Code    58  usart.o(.text)
    SystemInit                               0x08001151   Thumb Code    98  system_stm32f10x.o(.text)
    SystemCoreClockUpdate                    0x080011b3   Thumb Code   256  system_stm32f10x.o(.text)
    NVIC_PriorityGroupConfig                 0x080012e5   Thumb Code    12  misc.o(.text)
    NVIC_Init                                0x080012f1   Thumb Code   128  misc.o(.text)
    NVIC_SetVectorTable                      0x08001371   Thumb Code    16  misc.o(.text)
    NVIC_SystemLPConfig                      0x08001381   Thumb Code    30  misc.o(.text)
    SysTick_CLKSourceConfig                  0x0800139f   Thumb Code    40  misc.o(.text)
    ADC_DeInit                               0x080013e5   Thumb Code    78  stm32f10x_adc.o(.text)
    ADC_Init                                 0x08001433   Thumb Code    86  stm32f10x_adc.o(.text)
    ADC_StructInit                           0x08001489   Thumb Code    22  stm32f10x_adc.o(.text)
    ADC_Cmd                                  0x0800149f   Thumb Code    22  stm32f10x_adc.o(.text)
    ADC_DMACmd                               0x080014b5   Thumb Code    22  stm32f10x_adc.o(.text)
    ADC_ITConfig                             0x080014cb   Thumb Code    30  stm32f10x_adc.o(.text)
    ADC_ResetCalibration                     0x080014e9   Thumb Code    10  stm32f10x_adc.o(.text)
    ADC_GetResetCalibrationStatus            0x080014f3   Thumb Code    26  stm32f10x_adc.o(.text)
    ADC_StartCalibration                     0x0800150d   Thumb Code    10  stm32f10x_adc.o(.text)
    ADC_GetCalibrationStatus                 0x08001517   Thumb Code    26  stm32f10x_adc.o(.text)
    ADC_SoftwareStartConvCmd                 0x08001531   Thumb Code    22  stm32f10x_adc.o(.text)
    ADC_GetSoftwareStartConvStatus           0x08001547   Thumb Code    26  stm32f10x_adc.o(.text)
    ADC_DiscModeChannelCountConfig           0x08001561   Thumb Code    28  stm32f10x_adc.o(.text)
    ADC_DiscModeCmd                          0x0800157d   Thumb Code    22  stm32f10x_adc.o(.text)
    ADC_RegularChannelConfig                 0x08001593   Thumb Code   224  stm32f10x_adc.o(.text)
    ADC_ExternalTrigConvCmd                  0x08001673   Thumb Code    22  stm32f10x_adc.o(.text)
    ADC_GetConversionValue                   0x08001689   Thumb Code     8  stm32f10x_adc.o(.text)
    ADC_GetDualModeConversionValue           0x08001691   Thumb Code     8  stm32f10x_adc.o(.text)
    ADC_AutoInjectedConvCmd                  0x08001699   Thumb Code    22  stm32f10x_adc.o(.text)
    ADC_InjectedDiscModeCmd                  0x080016af   Thumb Code    22  stm32f10x_adc.o(.text)
    ADC_ExternalTrigInjectedConvConfig       0x080016c5   Thumb Code    20  stm32f10x_adc.o(.text)
    ADC_ExternalTrigInjectedConvCmd          0x080016d9   Thumb Code    22  stm32f10x_adc.o(.text)
    ADC_SoftwareStartInjectedConvCmd         0x080016ef   Thumb Code    22  stm32f10x_adc.o(.text)
    ADC_GetSoftwareStartInjectedConvCmdStatus 0x08001705   Thumb Code    26  stm32f10x_adc.o(.text)
    ADC_InjectedChannelConfig                0x0800171f   Thumb Code   154  stm32f10x_adc.o(.text)
    ADC_InjectedSequencerLengthConfig        0x080017b9   Thumb Code    48  stm32f10x_adc.o(.text)
    ADC_SetInjectedOffset                    0x080017e9   Thumb Code    14  stm32f10x_adc.o(.text)
    ADC_GetInjectedConversionValue           0x080017f7   Thumb Code    20  stm32f10x_adc.o(.text)
    ADC_AnalogWatchdogCmd                    0x0800180b   Thumb Code    22  stm32f10x_adc.o(.text)
    ADC_AnalogWatchdogThresholdsConfig       0x08001821   Thumb Code     6  stm32f10x_adc.o(.text)
    ADC_AnalogWatchdogSingleChannelConfig    0x08001827   Thumb Code    20  stm32f10x_adc.o(.text)
    ADC_TempSensorVrefintCmd                 0x0800183b   Thumb Code    30  stm32f10x_adc.o(.text)
    ADC_GetFlagStatus                        0x08001859   Thumb Code    24  stm32f10x_adc.o(.text)
    ADC_ClearFlag                            0x08001871   Thumb Code     8  stm32f10x_adc.o(.text)
    ADC_GetITStatus                          0x08001879   Thumb Code    44  stm32f10x_adc.o(.text)
    ADC_ClearITPendingBit                    0x080018a5   Thumb Code    16  stm32f10x_adc.o(.text)
    CAN_DeInit                               0x080018bd   Thumb Code    50  stm32f10x_can.o(.text)
    CAN_Init                                 0x080018ef   Thumb Code   304  stm32f10x_can.o(.text)
    CAN_FilterInit                           0x08001a1f   Thumb Code   238  stm32f10x_can.o(.text)
    CAN_StructInit                           0x08001b0d   Thumb Code    40  stm32f10x_can.o(.text)
    CAN_SlaveStartBank                       0x08001b35   Thumb Code    50  stm32f10x_can.o(.text)
    CAN_DBGFreeze                            0x08001b67   Thumb Code    22  stm32f10x_can.o(.text)
    CAN_TTComModeCmd                         0x08001b7d   Thumb Code   118  stm32f10x_can.o(.text)
    CAN_Transmit                             0x08001bf3   Thumb Code   354  stm32f10x_can.o(.text)
    CAN_TransmitStatus                       0x08001d55   Thumb Code   158  stm32f10x_can.o(.text)
    CAN_CancelTransmit                       0x08001df3   Thumb Code    48  stm32f10x_can.o(.text)
    CAN_Receive                              0x08001e23   Thumb Code   254  stm32f10x_can.o(.text)
    CAN_FIFORelease                          0x08001f21   Thumb Code    22  stm32f10x_can.o(.text)
    CAN_MessagePending                       0x08001f37   Thumb Code    34  stm32f10x_can.o(.text)
    CAN_OperatingModeRequest                 0x08001f59   Thumb Code   184  stm32f10x_can.o(.text)
    CAN_Sleep                                0x08002011   Thumb Code    34  stm32f10x_can.o(.text)
    CAN_WakeUp                               0x08002033   Thumb Code    54  stm32f10x_can.o(.text)
    CAN_GetLastErrorCode                     0x08002069   Thumb Code    14  stm32f10x_can.o(.text)
    CAN_GetReceiveErrorCounter               0x08002077   Thumb Code    14  stm32f10x_can.o(.text)
    CAN_GetLSBTransmitErrorCounter           0x08002085   Thumb Code    14  stm32f10x_can.o(.text)
    CAN_ITConfig                             0x08002093   Thumb Code    22  stm32f10x_can.o(.text)
    CAN_GetFlagStatus                        0x080020a9   Thumb Code   142  stm32f10x_can.o(.text)
    CAN_ClearFlag                            0x08002137   Thumb Code    80  stm32f10x_can.o(.text)
    CAN_GetITStatus                          0x0800219d   Thumb Code   288  stm32f10x_can.o(.text)
    CAN_ClearITPendingBit                    0x080022bd   Thumb Code   188  stm32f10x_can.o(.text)
    DMA_DeInit                               0x0800237d   Thumb Code   288  stm32f10x_dma.o(.text)
    DMA_Init                                 0x0800249d   Thumb Code    80  stm32f10x_dma.o(.text)
    DMA_StructInit                           0x080024ed   Thumb Code    28  stm32f10x_dma.o(.text)
    DMA_Cmd                                  0x08002509   Thumb Code    26  stm32f10x_dma.o(.text)
    DMA_ITConfig                             0x08002523   Thumb Code    22  stm32f10x_dma.o(.text)
    DMA_SetCurrDataCounter                   0x08002539   Thumb Code     4  stm32f10x_dma.o(.text)
    DMA_GetCurrDataCounter                   0x0800253d   Thumb Code     8  stm32f10x_dma.o(.text)
    DMA_GetFlagStatus                        0x08002545   Thumb Code    40  stm32f10x_dma.o(.text)
    DMA_ClearFlag                            0x0800256d   Thumb Code    18  stm32f10x_dma.o(.text)
    DMA_GetITStatus                          0x0800257f   Thumb Code    40  stm32f10x_dma.o(.text)
    DMA_ClearITPendingBit                    0x080025a7   Thumb Code    18  stm32f10x_dma.o(.text)
    GPIO_DeInit                              0x080025cd   Thumb Code   172  stm32f10x_gpio.o(.text)
    GPIO_AFIODeInit                          0x08002679   Thumb Code    20  stm32f10x_gpio.o(.text)
    GPIO_Init                                0x0800268d   Thumb Code   292  stm32f10x_gpio.o(.text)
    GPIO_StructInit                          0x080027b1   Thumb Code    20  stm32f10x_gpio.o(.text)
    GPIO_ReadInputDataBit                    0x080027c5   Thumb Code    24  stm32f10x_gpio.o(.text)
    GPIO_ReadInputData                       0x080027dd   Thumb Code     8  stm32f10x_gpio.o(.text)
    GPIO_ReadOutputDataBit                   0x080027e5   Thumb Code    24  stm32f10x_gpio.o(.text)
    GPIO_ReadOutputData                      0x080027fd   Thumb Code     8  stm32f10x_gpio.o(.text)
    GPIO_SetBits                             0x08002805   Thumb Code     4  stm32f10x_gpio.o(.text)
    GPIO_ResetBits                           0x08002809   Thumb Code     4  stm32f10x_gpio.o(.text)
    GPIO_WriteBit                            0x0800280d   Thumb Code    10  stm32f10x_gpio.o(.text)
    GPIO_Write                               0x08002817   Thumb Code     4  stm32f10x_gpio.o(.text)
    GPIO_PinLockConfig                       0x0800281b   Thumb Code    20  stm32f10x_gpio.o(.text)
    GPIO_EventOutputConfig                   0x0800282f   Thumb Code    32  stm32f10x_gpio.o(.text)
    GPIO_EventOutputCmd                      0x0800284f   Thumb Code     6  stm32f10x_gpio.o(.text)
    GPIO_PinRemapConfig                      0x08002855   Thumb Code   156  stm32f10x_gpio.o(.text)
    GPIO_EXTILineConfig                      0x080028f1   Thumb Code    84  stm32f10x_gpio.o(.text)
    GPIO_ETH_MediaInterfaceConfig            0x08002945   Thumb Code     6  stm32f10x_gpio.o(.text)
    RCC_DeInit                               0x08002979   Thumb Code    84  stm32f10x_rcc.o(.text)
    RCC_HSEConfig                            0x080029cd   Thumb Code    70  stm32f10x_rcc.o(.text)
    RCC_GetFlagStatus                        0x08002a13   Thumb Code    68  stm32f10x_rcc.o(.text)
    RCC_WaitForHSEStartUp                    0x08002a57   Thumb Code    56  stm32f10x_rcc.o(.text)
    RCC_AdjustHSICalibrationValue            0x08002a8f   Thumb Code    22  stm32f10x_rcc.o(.text)
    RCC_HSICmd                               0x08002aa5   Thumb Code     6  stm32f10x_rcc.o(.text)
    RCC_PLLConfig                            0x08002aab   Thumb Code    28  stm32f10x_rcc.o(.text)
    RCC_PLLCmd                               0x08002ac7   Thumb Code     6  stm32f10x_rcc.o(.text)
    RCC_PREDIV1Config                        0x08002acd   Thumb Code    30  stm32f10x_rcc.o(.text)
    RCC_PREDIV2Config                        0x08002aeb   Thumb Code    22  stm32f10x_rcc.o(.text)
    RCC_PLL2Config                           0x08002b01   Thumb Code    22  stm32f10x_rcc.o(.text)
    RCC_PLL2Cmd                              0x08002b17   Thumb Code     6  stm32f10x_rcc.o(.text)
    RCC_PLL3Config                           0x08002b1d   Thumb Code    22  stm32f10x_rcc.o(.text)
    RCC_PLL3Cmd                              0x08002b33   Thumb Code     6  stm32f10x_rcc.o(.text)
    RCC_SYSCLKConfig                         0x08002b39   Thumb Code    22  stm32f10x_rcc.o(.text)
    RCC_GetSYSCLKSource                      0x08002b4f   Thumb Code    10  stm32f10x_rcc.o(.text)
    RCC_HCLKConfig                           0x08002b59   Thumb Code    22  stm32f10x_rcc.o(.text)
    RCC_PCLK1Config                          0x08002b6f   Thumb Code    22  stm32f10x_rcc.o(.text)
    RCC_PCLK2Config                          0x08002b85   Thumb Code    22  stm32f10x_rcc.o(.text)
    RCC_ITConfig                             0x08002b9b   Thumb Code    36  stm32f10x_rcc.o(.text)
    RCC_OTGFSCLKConfig                       0x08002bbf   Thumb Code     6  stm32f10x_rcc.o(.text)
    RCC_ADCCLKConfig                         0x08002bc5   Thumb Code    22  stm32f10x_rcc.o(.text)
    RCC_I2S2CLKConfig                        0x08002bdb   Thumb Code     6  stm32f10x_rcc.o(.text)
    RCC_I2S3CLKConfig                        0x08002be1   Thumb Code     6  stm32f10x_rcc.o(.text)
    RCC_LSEConfig                            0x08002be7   Thumb Code    50  stm32f10x_rcc.o(.text)
    RCC_LSICmd                               0x08002c19   Thumb Code     6  stm32f10x_rcc.o(.text)
    RCC_RTCCLKConfig                         0x08002c1f   Thumb Code    14  stm32f10x_rcc.o(.text)
    RCC_RTCCLKCmd                            0x08002c2d   Thumb Code     6  stm32f10x_rcc.o(.text)
    RCC_GetClocksFreq                        0x08002c33   Thumb Code   454  stm32f10x_rcc.o(.text)
    RCC_AHBPeriphClockCmd                    0x08002df9   Thumb Code    30  stm32f10x_rcc.o(.text)
    RCC_APB2PeriphClockCmd                   0x08002e17   Thumb Code    30  stm32f10x_rcc.o(.text)
    RCC_APB1PeriphClockCmd                   0x08002e35   Thumb Code    30  stm32f10x_rcc.o(.text)
    RCC_AHBPeriphResetCmd                    0x08002e53   Thumb Code    30  stm32f10x_rcc.o(.text)
    RCC_APB2PeriphResetCmd                   0x08002e71   Thumb Code    30  stm32f10x_rcc.o(.text)
    RCC_APB1PeriphResetCmd                   0x08002e8f   Thumb Code    30  stm32f10x_rcc.o(.text)
    RCC_BackupResetCmd                       0x08002ead   Thumb Code     6  stm32f10x_rcc.o(.text)
    RCC_ClockSecuritySystemCmd               0x08002eb3   Thumb Code     6  stm32f10x_rcc.o(.text)
    RCC_MCOConfig                            0x08002eb9   Thumb Code     6  stm32f10x_rcc.o(.text)
    RCC_ClearFlag                            0x08002ebf   Thumb Code    14  stm32f10x_rcc.o(.text)
    RCC_GetITStatus                          0x08002ecd   Thumb Code    26  stm32f10x_rcc.o(.text)
    RCC_ClearITPendingBit                    0x08002ee7   Thumb Code     6  stm32f10x_rcc.o(.text)
    USART_DeInit                             0x08002f01   Thumb Code   134  stm32f10x_usart.o(.text)
    USART_Init                               0x08002f87   Thumb Code   250  stm32f10x_usart.o(.text)
    USART_StructInit                         0x08003081   Thumb Code    30  stm32f10x_usart.o(.text)
    USART_ClockInit                          0x0800309f   Thumb Code    46  stm32f10x_usart.o(.text)
    USART_ClockStructInit                    0x080030cd   Thumb Code    14  stm32f10x_usart.o(.text)
    USART_Cmd                                0x080030db   Thumb Code    26  stm32f10x_usart.o(.text)
    USART_ITConfig                           0x080030f5   Thumb Code    88  stm32f10x_usart.o(.text)
    USART_DMACmd                             0x0800314d   Thumb Code    30  stm32f10x_usart.o(.text)
    USART_SetAddress                         0x0800316b   Thumb Code    22  stm32f10x_usart.o(.text)
    USART_WakeUpConfig                       0x08003181   Thumb Code    22  stm32f10x_usart.o(.text)
    USART_ReceiverWakeUpCmd                  0x08003197   Thumb Code    26  stm32f10x_usart.o(.text)
    USART_LINBreakDetectLengthConfig         0x080031b1   Thumb Code    22  stm32f10x_usart.o(.text)
    USART_LINCmd                             0x080031c7   Thumb Code    26  stm32f10x_usart.o(.text)
    USART_SendData                           0x080031e1   Thumb Code     8  stm32f10x_usart.o(.text)
    USART_ReceiveData                        0x080031e9   Thumb Code    10  stm32f10x_usart.o(.text)
    USART_SendBreak                          0x080031f3   Thumb Code    10  stm32f10x_usart.o(.text)
    USART_SetGuardTime                       0x080031fd   Thumb Code    16  stm32f10x_usart.o(.text)
    USART_SetPrescaler                       0x0800320d   Thumb Code    18  stm32f10x_usart.o(.text)
    USART_SmartCardCmd                       0x0800321f   Thumb Code    26  stm32f10x_usart.o(.text)
    USART_SmartCardNACKCmd                   0x08003239   Thumb Code    26  stm32f10x_usart.o(.text)
    USART_HalfDuplexCmd                      0x08003253   Thumb Code    26  stm32f10x_usart.o(.text)
    USART_OverSampling8Cmd                   0x0800326d   Thumb Code    22  stm32f10x_usart.o(.text)
    USART_OneBitMethodCmd                    0x08003283   Thumb Code    26  stm32f10x_usart.o(.text)
    USART_IrDAConfig                         0x0800329d   Thumb Code    22  stm32f10x_usart.o(.text)
    USART_IrDACmd                            0x080032b3   Thumb Code    26  stm32f10x_usart.o(.text)
    USART_GetFlagStatus                      0x080032cd   Thumb Code    54  stm32f10x_usart.o(.text)
    USART_ClearFlag                          0x08003303   Thumb Code    20  stm32f10x_usart.o(.text)
    USART_GetITStatus                        0x08003317   Thumb Code   104  stm32f10x_usart.o(.text)
    USART_ClearITPendingBit                  0x0800337f   Thumb Code    40  stm32f10x_usart.o(.text)
    Reset_Handler                            0x080033a9   Thumb Code     8  startup_stm32f10x_cl.o(.text)
    ADC1_2_IRQHandler                        0x080033c3   Thumb Code     0  startup_stm32f10x_cl.o(.text)
    CAN1_RX1_IRQHandler                      0x080033c3   Thumb Code     0  startup_stm32f10x_cl.o(.text)
    CAN1_SCE_IRQHandler                      0x080033c3   Thumb Code     0  startup_stm32f10x_cl.o(.text)
    CAN1_TX_IRQHandler                       0x080033c3   Thumb Code     0  startup_stm32f10x_cl.o(.text)
    CAN2_RX0_IRQHandler                      0x080033c3   Thumb Code     0  startup_stm32f10x_cl.o(.text)
    CAN2_SCE_IRQHandler                      0x080033c3   Thumb Code     0  startup_stm32f10x_cl.o(.text)
    CAN2_TX_IRQHandler                       0x080033c3   Thumb Code     0  startup_stm32f10x_cl.o(.text)
    DMA1_Channel1_IRQHandler                 0x080033c3   Thumb Code     0  startup_stm32f10x_cl.o(.text)
    DMA1_Channel2_IRQHandler                 0x080033c3   Thumb Code     0  startup_stm32f10x_cl.o(.text)
    DMA1_Channel3_IRQHandler                 0x080033c3   Thumb Code     0  startup_stm32f10x_cl.o(.text)
    DMA1_Channel4_IRQHandler                 0x080033c3   Thumb Code     0  startup_stm32f10x_cl.o(.text)
    DMA1_Channel5_IRQHandler                 0x080033c3   Thumb Code     0  startup_stm32f10x_cl.o(.text)
    DMA1_Channel6_IRQHandler                 0x080033c3   Thumb Code     0  startup_stm32f10x_cl.o(.text)
    DMA1_Channel7_IRQHandler                 0x080033c3   Thumb Code     0  startup_stm32f10x_cl.o(.text)
    DMA2_Channel1_IRQHandler                 0x080033c3   Thumb Code     0  startup_stm32f10x_cl.o(.text)
    DMA2_Channel2_IRQHandler                 0x080033c3   Thumb Code     0  startup_stm32f10x_cl.o(.text)
    DMA2_Channel3_IRQHandler                 0x080033c3   Thumb Code     0  startup_stm32f10x_cl.o(.text)
    DMA2_Channel4_IRQHandler                 0x080033c3   Thumb Code     0  startup_stm32f10x_cl.o(.text)
    DMA2_Channel5_IRQHandler                 0x080033c3   Thumb Code     0  startup_stm32f10x_cl.o(.text)
    ETH_IRQHandler                           0x080033c3   Thumb Code     0  startup_stm32f10x_cl.o(.text)
    ETH_WKUP_IRQHandler                      0x080033c3   Thumb Code     0  startup_stm32f10x_cl.o(.text)
    EXTI0_IRQHandler                         0x080033c3   Thumb Code     0  startup_stm32f10x_cl.o(.text)
    EXTI15_10_IRQHandler                     0x080033c3   Thumb Code     0  startup_stm32f10x_cl.o(.text)
    EXTI1_IRQHandler                         0x080033c3   Thumb Code     0  startup_stm32f10x_cl.o(.text)
    EXTI2_IRQHandler                         0x080033c3   Thumb Code     0  startup_stm32f10x_cl.o(.text)
    EXTI3_IRQHandler                         0x080033c3   Thumb Code     0  startup_stm32f10x_cl.o(.text)
    EXTI4_IRQHandler                         0x080033c3   Thumb Code     0  startup_stm32f10x_cl.o(.text)
    EXTI9_5_IRQHandler                       0x080033c3   Thumb Code     0  startup_stm32f10x_cl.o(.text)
    FLASH_IRQHandler                         0x080033c3   Thumb Code     0  startup_stm32f10x_cl.o(.text)
    I2C1_ER_IRQHandler                       0x080033c3   Thumb Code     0  startup_stm32f10x_cl.o(.text)
    I2C1_EV_IRQHandler                       0x080033c3   Thumb Code     0  startup_stm32f10x_cl.o(.text)
    I2C2_ER_IRQHandler                       0x080033c3   Thumb Code     0  startup_stm32f10x_cl.o(.text)
    I2C2_EV_IRQHandler                       0x080033c3   Thumb Code     0  startup_stm32f10x_cl.o(.text)
    OTG_FS_IRQHandler                        0x080033c3   Thumb Code     0  startup_stm32f10x_cl.o(.text)
    OTG_FS_WKUP_IRQHandler                   0x080033c3   Thumb Code     0  startup_stm32f10x_cl.o(.text)
    PVD_IRQHandler                           0x080033c3   Thumb Code     0  startup_stm32f10x_cl.o(.text)
    RCC_IRQHandler                           0x080033c3   Thumb Code     0  startup_stm32f10x_cl.o(.text)
    RTCAlarm_IRQHandler                      0x080033c3   Thumb Code     0  startup_stm32f10x_cl.o(.text)
    RTC_IRQHandler                           0x080033c3   Thumb Code     0  startup_stm32f10x_cl.o(.text)
    SPI1_IRQHandler                          0x080033c3   Thumb Code     0  startup_stm32f10x_cl.o(.text)
    SPI2_IRQHandler                          0x080033c3   Thumb Code     0  startup_stm32f10x_cl.o(.text)
    SPI3_IRQHandler                          0x080033c3   Thumb Code     0  startup_stm32f10x_cl.o(.text)
    TAMPER_IRQHandler                        0x080033c3   Thumb Code     0  startup_stm32f10x_cl.o(.text)
    TIM1_BRK_IRQHandler                      0x080033c3   Thumb Code     0  startup_stm32f10x_cl.o(.text)
    TIM1_CC_IRQHandler                       0x080033c3   Thumb Code     0  startup_stm32f10x_cl.o(.text)
    TIM1_TRG_COM_IRQHandler                  0x080033c3   Thumb Code     0  startup_stm32f10x_cl.o(.text)
    TIM1_UP_IRQHandler                       0x080033c3   Thumb Code     0  startup_stm32f10x_cl.o(.text)
    TIM2_IRQHandler                          0x080033c3   Thumb Code     0  startup_stm32f10x_cl.o(.text)
    TIM3_IRQHandler                          0x080033c3   Thumb Code     0  startup_stm32f10x_cl.o(.text)
    TIM4_IRQHandler                          0x080033c3   Thumb Code     0  startup_stm32f10x_cl.o(.text)
    TIM5_IRQHandler                          0x080033c3   Thumb Code     0  startup_stm32f10x_cl.o(.text)
    TIM6_IRQHandler                          0x080033c3   Thumb Code     0  startup_stm32f10x_cl.o(.text)
    TIM7_IRQHandler                          0x080033c3   Thumb Code     0  startup_stm32f10x_cl.o(.text)
    UART4_IRQHandler                         0x080033c3   Thumb Code     0  startup_stm32f10x_cl.o(.text)
    UART5_IRQHandler                         0x080033c3   Thumb Code     0  startup_stm32f10x_cl.o(.text)
    USART1_IRQHandler                        0x080033c3   Thumb Code     0  startup_stm32f10x_cl.o(.text)
    WWDG_IRQHandler                          0x080033c3   Thumb Code     0  startup_stm32f10x_cl.o(.text)
    __user_initial_stackheap                 0x080033c5   Thumb Code     0  startup_stm32f10x_cl.o(.text)
    __2sprintf                               0x080033e9   Thumb Code    34  noretval__2sprintf.o(.text)
    _printf_pre_padding                      0x08003411   Thumb Code    46  _printf_pad.o(.text)
    _printf_post_padding                     0x0800343f   Thumb Code    36  _printf_pad.o(.text)
    _printf_int_dec                          0x08003465   Thumb Code   102  _printf_dec.o(.text)
    _printf_int_hex                          0x080034dd   Thumb Code    88  _printf_hex_int.o(.text)
    _printf_longlong_hex                     0x080034dd   Thumb Code     0  _printf_hex_int.o(.text)
    __printf                                 0x08003539   Thumb Code   310  __printf_flags_wp.o(.text)
    __0sscanf                                0x08003675   Thumb Code    52  __0sscanf.o(.text)
    _scanf_int                               0x080036b1   Thumb Code   336  _scanf_int.o(.text)
    strlen                                   0x08003801   Thumb Code    62  strlen.o(.text)
    __aeabi_memcpy                           0x0800383f   Thumb Code     0  rt_memcpy_v6.o(.text)
    __rt_memcpy                              0x0800383f   Thumb Code   138  rt_memcpy_v6.o(.text)
    _memcpy_lastbytes                        0x080038a5   Thumb Code     0  rt_memcpy_v6.o(.text)
    __aeabi_memclr4                          0x080038c9   Thumb Code     0  rt_memclr_w.o(.text)
    __aeabi_memclr8                          0x080038c9   Thumb Code     0  rt_memclr_w.o(.text)
    __rt_memclr_w                            0x080038c9   Thumb Code    78  rt_memclr_w.o(.text)
    _memset_w                                0x080038cd   Thumb Code     0  rt_memclr_w.o(.text)
    __use_two_region_memory                  0x08003917   Thumb Code     2  heapauxi.o(.text)
    __rt_heap_escrow$2region                 0x08003919   Thumb Code     2  heapauxi.o(.text)
    __rt_heap_expand$2region                 0x0800391b   Thumb Code     2  heapauxi.o(.text)
    __read_errno                             0x0800391d   Thumb Code    10  _rserrno.o(.text)
    __set_errno                              0x08003927   Thumb Code    12  _rserrno.o(.text)
    _printf_int_common                       0x08003933   Thumb Code   184  _printf_intcommon.o(.text)
    _printf_char_common                      0x080039f7   Thumb Code    32  _printf_char_common.o(.text)
    _sputc                                   0x08003a1d   Thumb Code    10  _sputc.o(.text)
    _chval                                   0x08003a27   Thumb Code    28  _chval.o(.text)
    __vfscanf_char                           0x08003a51   Thumb Code    26  scanf_char.o(.text)
    _sgetc                                   0x08003a75   Thumb Code    30  _sgetc.o(.text)
    _sbackspace                              0x08003a93   Thumb Code    34  _sgetc.o(.text)
    __aeabi_memcpy4                          0x08003ab5   Thumb Code     0  rt_memcpy_w.o(.text)
    __aeabi_memcpy8                          0x08003ab5   Thumb Code     0  rt_memcpy_w.o(.text)
    __rt_memcpy_w                            0x08003ab5   Thumb Code   100  rt_memcpy_w.o(.text)
    _memcpy_lastbytes_aligned                0x08003afd   Thumb Code     0  rt_memcpy_w.o(.text)
    __aeabi_errno_addr                       0x08003b19   Thumb Code     8  rt_errno_addr_intlibspace.o(.text)
    __errno$intlibspace                      0x08003b19   Thumb Code     0  rt_errno_addr_intlibspace.o(.text)
    __rt_errno_addr$intlibspace              0x08003b19   Thumb Code     0  rt_errno_addr_intlibspace.o(.text)
    isspace                                  0x08003b21   Thumb Code    18  isspace.o(.text)
    __vfscanf                                0x08003b35   Thumb Code   882  _scanf.o(.text)
    __user_libspace                          0x08003ead   Thumb Code     8  libspace.o(.text)
    __user_perproc_libspace                  0x08003ead   Thumb Code     0  libspace.o(.text)
    __user_perthread_libspace                0x08003ead   Thumb Code     0  libspace.o(.text)
    __user_setup_stackheap                   0x08003eb5   Thumb Code    74  sys_stackheap_outer.o(.text)
    __rt_ctype_table                         0x08003f01   Thumb Code    16  rt_ctype_table.o(.text)
    exit                                     0x08003f11   Thumb Code    12  exit.o(.text)
    __rt_locale                              0x08003f1d   Thumb Code     8  rt_locale_intlibspace.o(.text)
    __rt_fp_status_addr                      0x08003f25   Thumb Code     8  rt_fp_status_addr_intlibspace.o(.text)
    strcmp                                   0x08003f2d   Thumb Code   128  strcmpv7m.o(.text)
    _sys_exit                                0x08003fad   Thumb Code     8  sys_exit.o(.text)
    __I$use$semihosting                      0x08003fb9   Thumb Code     0  use_no_semi.o(.text)
    __use_no_semihosting_swi                 0x08003fb9   Thumb Code     2  use_no_semi.o(.text)
    __ARM_fpclassify                         0x08003fbb   Thumb Code    40  fpclassify.o(i.__ARM_fpclassify)
    __semihosting_library_function           0x08003fbb   Thumb Code     0  indicate_semi.o(.text)
    __kernel_poly                            0x08003fe3   Thumb Code   170  poly.o(i.__kernel_poly)
    __mathlib_dbl_underflow                  0x0800408d   Thumb Code    10  dunder.o(i.__mathlib_dbl_underflow)
    _is_digit                                0x0800409d   Thumb Code    14  __printf_wp.o(i._is_digit)
    pow                                      0x080040ad   Thumb Code  2522  pow.o(i.pow)
    sqrt                                     0x08004a99   Thumb Code    76  sqrt.o(i.sqrt)
    _get_lc_ctype                            0x08004ae5   Thumb Code    44  lc_ctype_c.o(locale$$code)
    __aeabi_d2f                              0x08004b11   Thumb Code     0  d2f.o(x$fpl$d2f)
    _d2f                                     0x08004b11   Thumb Code    98  d2f.o(x$fpl$d2f)
    __aeabi_dadd                             0x08004b75   Thumb Code     0  daddsub_clz.o(x$fpl$dadd)
    _dadd                                    0x08004b75   Thumb Code   332  daddsub_clz.o(x$fpl$dadd)
    __fpl_dcheck_NaN1                        0x08004cc5   Thumb Code    10  dcheck1.o(x$fpl$dcheck1)
    __fpl_dcmp_Inf                           0x08004cd5   Thumb Code    24  dcmpi.o(x$fpl$dcmpinf)
    __aeabi_ddiv                             0x08004ced   Thumb Code     0  ddiv.o(x$fpl$ddiv)
    _ddiv                                    0x08004ced   Thumb Code   552  ddiv.o(x$fpl$ddiv)
    __aeabi_i2d                              0x08004f9d   Thumb Code     0  dflt_clz.o(x$fpl$dflt)
    _dflt                                    0x08004f9d   Thumb Code    46  dflt_clz.o(x$fpl$dflt)
    __aeabi_cdcmple                          0x08004fcd   Thumb Code     0  dleqf.o(x$fpl$dleqf)
    _dcmple                                  0x08004fcd   Thumb Code   120  dleqf.o(x$fpl$dleqf)
    __fpl_dcmple_InfNaN                      0x0800502f   Thumb Code     0  dleqf.o(x$fpl$dleqf)
    __aeabi_dmul                             0x08005045   Thumb Code     0  dmul.o(x$fpl$dmul)
    _dmul                                    0x08005045   Thumb Code   332  dmul.o(x$fpl$dmul)
    __fpl_dnaninf                            0x08005199   Thumb Code   156  dnaninf.o(x$fpl$dnaninf)
    __fpl_dretinf                            0x08005235   Thumb Code    12  dretinf.o(x$fpl$dretinf)
    __aeabi_cdrcmple                         0x08005241   Thumb Code     0  drleqf.o(x$fpl$drleqf)
    _drcmple                                 0x08005241   Thumb Code   108  drleqf.o(x$fpl$drleqf)
    __aeabi_drsub                            0x080052ad   Thumb Code     0  daddsub_clz.o(x$fpl$drsb)
    _drsb                                    0x080052ad   Thumb Code    22  daddsub_clz.o(x$fpl$drsb)
    _dsqrt                                   0x080052c5   Thumb Code   456  dsqrt_noumaal.o(x$fpl$dsqrt)
    __aeabi_dsub                             0x08005491   Thumb Code     0  daddsub_clz.o(x$fpl$dsub)
    _dsub                                    0x08005491   Thumb Code   464  daddsub_clz.o(x$fpl$dsub)
    __aeabi_f2d                              0x08005665   Thumb Code     0  f2d.o(x$fpl$f2d)
    _f2d                                     0x08005665   Thumb Code    86  f2d.o(x$fpl$f2d)
    __aeabi_fadd                             0x080056bd   Thumb Code     0  faddsub_clz.o(x$fpl$fadd)
    _fadd                                    0x080056bd   Thumb Code   196  faddsub_clz.o(x$fpl$fadd)
    __aeabi_i2f                              0x08005781   Thumb Code     0  fflt_clz.o(x$fpl$fflt)
    _fflt                                    0x08005781   Thumb Code    48  fflt_clz.o(x$fpl$fflt)
    __aeabi_fmul                             0x080057b1   Thumb Code     0  fmul.o(x$fpl$fmul)
    _fmul                                    0x080057b1   Thumb Code   258  fmul.o(x$fpl$fmul)
    __fpl_fnaninf                            0x080058b3   Thumb Code   140  fnaninf.o(x$fpl$fnaninf)
    _fp_init                                 0x0800593f   Thumb Code    14  fpinit.o(x$fpl$fpinit)
    __fplib_config_pureend_doubles           0x0800594b   Thumb Code     0  fpinit.o(x$fpl$fpinit)
    __fpl_fretinf                            0x0800594d   Thumb Code    10  fretinf.o(x$fpl$fretinf)
    __aeabi_fsub                             0x08005959   Thumb Code     0  faddsub_clz.o(x$fpl$fsub)
    _fsub                                    0x08005959   Thumb Code   234  faddsub_clz.o(x$fpl$fsub)
    __fpl_return_NaN                         0x08005a43   Thumb Code   100  retnan.o(x$fpl$retnan)
    __ARM_scalbn                             0x08005aa7   Thumb Code    92  scalbn.o(x$fpl$scalbn)
    __fpl_cmpreturn                          0x08005b03   Thumb Code    48  trapv.o(x$fpl$trapveneer)
    __I$use$fp                               0x08005b33   Thumb Code     0  usenofp.o(x$fpl$usenofp)
    __mathlib_zero                           0x08005bf8   Data           8  qnan.o(.constdata)
    Region$$Table$$Base                      0x08005c00   Number         0  anon$$obj.o(Region$$Table)
    Region$$Table$$Limit                     0x08005c20   Number         0  anon$$obj.o(Region$$Table)
    __ctype                                  0x08005c2d   Data           0  lc_ctype_c.o(locale$$data)
    RxCounter2                               0x20000000   Data           2  main.o(.data)
    ReceiveState2                            0x20000002   Data           1  main.o(.data)
    RxCounter3                               0x20000004   Data           2  main.o(.data)
    ReceiveState3                            0x20000006   Data           1  main.o(.data)
    led_life                                 0x20000008   Data           4  main.o(.data)
    led_counter                              0x2000000c   Data           1  main.o(.data)
    last_left_data_nums                      0x2000000d   Data           1  main.o(.data)
    GPS_msg_length                           0x2000000e   Data           2  main.o(.data)
    CAN_send_ID                              0x20000010   Data           4  main.o(.data)
    AD_value_filter                          0x20000014   Data           4  main.o(.data)
    AD_value_out                             0x20000018   Data           4  main.o(.data)
    SystemCoreClock                          0x2000001c   Data           4  system_stm32f10x.o(.data)
    AHBPrescTable                            0x20000020   Data          16  system_stm32f10x.o(.data)
    RxBuffer2                                0x20000044   Data        1000  main.o(.bss)
    RxBuffer3                                0x2000042c   Data        1000  main.o(.bss)
    str_data                                 0x20000814   Data          10  main.o(.bss)
    GPS_hex_data                             0x2000081e   Data          60  main.o(.bss)
    AD_value                                 0x2000085a   Data          20  main.o(.bss)
    TxMsg                                    0x20000870   Data          20  main.o(.bss)
    __libspace_start                         0x20000884   Data          96  libspace.o(.bss)
    __temporary_stack_top$libspace           0x200008e4   Data           0  libspace.o(.bss)



==============================================================================

Memory Map of the image

  Image Entry point : 0x08000151

  Load Region LR_IROM1 (Base: 0x08000000, Size: 0x00005d74, Max: 0x00010000, ABSOLUTE)

    Execution Region ER_IROM1 (Base: 0x08000000, Size: 0x00005d30, Max: 0x00010000, ABSOLUTE)

    Base Addr    Size         Type   Attr      Idx    E Section Name        Object

    0x08000000   0x00000150   Data   RO          474    RESET               startup_stm32f10x_cl.o
    0x08000150   0x00000008   Code   RO          547  * !!!main             c_w.l(__main.o)
    0x08000158   0x00000034   Code   RO          830    !!!scatter          c_w.l(__scatter.o)
    0x0800018c   0x0000001a   Code   RO          832    !!handler_copy      c_w.l(__scatter_copy.o)
    0x080001a6   0x00000002   PAD
    0x080001a8   0x0000001c   Code   RO          834    !!handler_zi        c_w.l(__scatter_zi.o)
    0x080001c4   0x00000000   Code   RO          534    .ARM.Collect$$_printf_percent$$00000000  c_w.l(_printf_percent.o)
    0x080001c4   0x00000006   Code   RO          533    .ARM.Collect$$_printf_percent$$00000009  c_w.l(_printf_d.o)
    0x080001ca   0x00000006   Code   RO          532    .ARM.Collect$$_printf_percent$$0000000C  c_w.l(_printf_x.o)
    0x080001d0   0x00000004   Code   RO          602    .ARM.Collect$$_printf_percent$$00000017  c_w.l(_printf_percent_end.o)
    0x080001d4   0x00000006   Code   RO          687    .ARM.Collect$$libinit$$00000000  c_w.l(libinit.o)
    0x080001da   0x00000000   Code   RO          704    .ARM.Collect$$libinit$$00000006  c_w.l(libinit2.o)
    0x080001da   0x00000000   Code   RO          706    .ARM.Collect$$libinit$$00000008  c_w.l(libinit2.o)
    0x080001da   0x00000000   Code   RO          708    .ARM.Collect$$libinit$$0000000A  c_w.l(libinit2.o)
    0x080001da   0x00000006   Code   RO          709    .ARM.Collect$$libinit$$0000000B  c_w.l(libinit2.o)
    0x080001e0   0x00000000   Code   RO          711    .ARM.Collect$$libinit$$0000000D  c_w.l(libinit2.o)
    0x080001e0   0x0000000c   Code   RO          712    .ARM.Collect$$libinit$$0000000E  c_w.l(libinit2.o)
    0x080001ec   0x00000000   Code   RO          713    .ARM.Collect$$libinit$$0000000F  c_w.l(libinit2.o)
    0x080001ec   0x00000000   Code   RO          715    .ARM.Collect$$libinit$$00000011  c_w.l(libinit2.o)
    0x080001ec   0x00000000   Code   RO          717    .ARM.Collect$$libinit$$00000013  c_w.l(libinit2.o)
    0x080001ec   0x00000000   Code   RO          719    .ARM.Collect$$libinit$$00000015  c_w.l(libinit2.o)
    0x080001ec   0x00000000   Code   RO          721    .ARM.Collect$$libinit$$00000017  c_w.l(libinit2.o)
    0x080001ec   0x00000000   Code   RO          723    .ARM.Collect$$libinit$$00000019  c_w.l(libinit2.o)
    0x080001ec   0x00000000   Code   RO          725    .ARM.Collect$$libinit$$0000001B  c_w.l(libinit2.o)
    0x080001ec   0x00000000   Code   RO          727    .ARM.Collect$$libinit$$0000001D  c_w.l(libinit2.o)
    0x080001ec   0x00000000   Code   RO          729    .ARM.Collect$$libinit$$0000001F  c_w.l(libinit2.o)
    0x080001ec   0x00000000   Code   RO          731    .ARM.Collect$$libinit$$00000021  c_w.l(libinit2.o)
    0x080001ec   0x00000000   Code   RO          735    .ARM.Collect$$libinit$$00000028  c_w.l(libinit2.o)
    0x080001ec   0x00000000   Code   RO          737    .ARM.Collect$$libinit$$0000002A  c_w.l(libinit2.o)
    0x080001ec   0x00000000   Code   RO          739    .ARM.Collect$$libinit$$0000002C  c_w.l(libinit2.o)
    0x080001ec   0x00000000   Code   RO          741    .ARM.Collect$$libinit$$0000002E  c_w.l(libinit2.o)
    0x080001ec   0x00000002   Code   RO          742    .ARM.Collect$$libinit$$0000002F  c_w.l(libinit2.o)
    0x080001ee   0x00000002   Code   RO          771    .ARM.Collect$$libshutdown$$00000000  c_w.l(libshutdown.o)
    0x080001f0   0x00000000   Code   RO          785    .ARM.Collect$$libshutdown$$00000003  c_w.l(libshutdown2.o)
    0x080001f0   0x00000000   Code   RO          788    .ARM.Collect$$libshutdown$$00000006  c_w.l(libshutdown2.o)
    0x080001f0   0x00000000   Code   RO          791    .ARM.Collect$$libshutdown$$00000009  c_w.l(libshutdown2.o)
    0x080001f0   0x00000000   Code   RO          793    .ARM.Collect$$libshutdown$$0000000B  c_w.l(libshutdown2.o)
    0x080001f0   0x00000000   Code   RO          796    .ARM.Collect$$libshutdown$$0000000E  c_w.l(libshutdown2.o)
    0x080001f0   0x00000002   Code   RO          797    .ARM.Collect$$libshutdown$$0000000F  c_w.l(libshutdown2.o)
    0x080001f2   0x00000000   Code   RO          593    .ARM.Collect$$rtentry$$00000000  c_w.l(rtentry.o)
    0x080001f2   0x00000000   Code   RO          642    .ARM.Collect$$rtentry$$00000002  c_w.l(rtentry2.o)
    0x080001f2   0x00000006   Code   RO          654    .ARM.Collect$$rtentry$$00000004  c_w.l(rtentry4.o)
    0x080001f8   0x00000000   Code   RO          644    .ARM.Collect$$rtentry$$00000009  c_w.l(rtentry2.o)
    0x080001f8   0x00000004   Code   RO          645    .ARM.Collect$$rtentry$$0000000A  c_w.l(rtentry2.o)
    0x080001fc   0x00000000   Code   RO          647    .ARM.Collect$$rtentry$$0000000C  c_w.l(rtentry2.o)
    0x080001fc   0x00000008   Code   RO          648    .ARM.Collect$$rtentry$$0000000D  c_w.l(rtentry2.o)
    0x08000204   0x00000002   Code   RO          692    .ARM.Collect$$rtexit$$00000000  c_w.l(rtexit.o)
    0x08000206   0x00000000   Code   RO          748    .ARM.Collect$$rtexit$$00000002  c_w.l(rtexit2.o)
    0x08000206   0x00000004   Code   RO          749    .ARM.Collect$$rtexit$$00000003  c_w.l(rtexit2.o)
    0x0800020a   0x00000006   Code   RO          750    .ARM.Collect$$rtexit$$00000004  c_w.l(rtexit2.o)
    0x08000210   0x00000660   Code   RO            1    .text               main.o
    0x08000870   0x00000188   Code   RO           73    .text               stm32f10x_it.o
    0x080009f8   0x00000410   Code   RO           99    .text               can.o
    0x08000e08   0x00000244   Code   RO          111    .text               usart.o
    0x0800104c   0x00000298   Code   RO          134    .text               system_stm32f10x.o
    0x080012e4   0x00000100   Code   RO          152    .text               misc.o
    0x080013e4   0x000004d8   Code   RO          164    .text               stm32f10x_adc.o
    0x080018bc   0x00000ac0   Code   RO          191    .text               stm32f10x_can.o
    0x0800237c   0x00000250   Code   RO          263    .text               stm32f10x_dma.o
    0x080025cc   0x000003ac   Code   RO          317    .text               stm32f10x_gpio.o
    0x08002978   0x00000588   Code   RO          374    .text               stm32f10x_rcc.o
    0x08002f00   0x000004a6   Code   RO          445    .text               stm32f10x_usart.o
    0x080033a6   0x00000002   PAD
    0x080033a8   0x00000040   Code   RO          475    .text               startup_stm32f10x_cl.o
    0x080033e8   0x00000028   Code   RO          483    .text               c_w.l(noretval__2sprintf.o)
    0x08003410   0x00000052   Code   RO          487    .text               c_w.l(_printf_pad.o)
    0x08003462   0x00000002   PAD
    0x08003464   0x00000078   Code   RO          489    .text               c_w.l(_printf_dec.o)
    0x080034dc   0x0000005c   Code   RO          494    .text               c_w.l(_printf_hex_int.o)
    0x08003538   0x0000013c   Code   RO          524    .text               c_w.l(__printf_flags_wp.o)
    0x08003674   0x0000003c   Code   RO          535    .text               c_w.l(__0sscanf.o)
    0x080036b0   0x00000150   Code   RO          537    .text               c_w.l(_scanf_int.o)
    0x08003800   0x0000003e   Code   RO          539    .text               c_w.l(strlen.o)
    0x0800383e   0x0000008a   Code   RO          541    .text               c_w.l(rt_memcpy_v6.o)
    0x080038c8   0x0000004e   Code   RO          543    .text               c_w.l(rt_memclr_w.o)
    0x08003916   0x00000006   Code   RO          545    .text               c_w.l(heapauxi.o)
    0x0800391c   0x00000016   Code   RO          594    .text               c_w.l(_rserrno.o)
    0x08003932   0x000000b8   Code   RO          596    .text               c_w.l(_printf_intcommon.o)
    0x080039ea   0x00000002   PAD
    0x080039ec   0x00000030   Code   RO          598    .text               c_w.l(_printf_char_common.o)
    0x08003a1c   0x0000000a   Code   RO          600    .text               c_w.l(_sputc.o)
    0x08003a26   0x0000001c   Code   RO          603    .text               c_w.l(_chval.o)
    0x08003a42   0x00000002   PAD
    0x08003a44   0x00000030   Code   RO          605    .text               c_w.l(scanf_char.o)
    0x08003a74   0x00000040   Code   RO          607    .text               c_w.l(_sgetc.o)
    0x08003ab4   0x00000064   Code   RO          609    .text               c_w.l(rt_memcpy_w.o)
    0x08003b18   0x00000008   Code   RO          659    .text               c_w.l(rt_errno_addr_intlibspace.o)
    0x08003b20   0x00000012   Code   RO          661    .text               c_w.l(isspace.o)
    0x08003b32   0x00000002   PAD
    0x08003b34   0x00000378   Code   RO          665    .text               c_w.l(_scanf.o)
    0x08003eac   0x00000008   Code   RO          673    .text               c_w.l(libspace.o)
    0x08003eb4   0x0000004a   Code   RO          676    .text               c_w.l(sys_stackheap_outer.o)
    0x08003efe   0x00000002   PAD
    0x08003f00   0x00000010   Code   RO          678    .text               c_w.l(rt_ctype_table.o)
    0x08003f10   0x0000000c   Code   RO          680    .text               c_w.l(exit.o)
    0x08003f1c   0x00000008   Code   RO          697    .text               c_w.l(rt_locale_intlibspace.o)
    0x08003f24   0x00000008   Code   RO          757    .text               c_w.l(rt_fp_status_addr_intlibspace.o)
    0x08003f2c   0x00000080   Code   RO          759    .text               c_w.l(strcmpv7m.o)
    0x08003fac   0x0000000c   Code   RO          763    .text               c_w.l(sys_exit.o)
    0x08003fb8   0x00000002   Code   RO          774    .text               c_w.l(use_no_semi.o)
    0x08003fba   0x00000000   Code   RO          776    .text               c_w.l(indicate_semi.o)
    0x08003fba   0x00000028   Code   RO          628    i.__ARM_fpclassify  m_ws.l(fpclassify.o)
    0x08003fe2   0x000000aa   Code   RO          630    i.__kernel_poly     m_ws.l(poly.o)
    0x0800408c   0x00000010   Code   RO          626    i.__mathlib_dbl_underflow  m_ws.l(dunder.o)
    0x0800409c   0x0000000e   Code   RO          522    i._is_digit         c_w.l(__printf_wp.o)
    0x080040aa   0x00000002   PAD
    0x080040ac   0x000009ec   Code   RO          584    i.pow               m_ws.l(pow.o)
    0x08004a98   0x0000004c   Code   RO          634    i.sqrt              m_ws.l(sqrt.o)
    0x08004ae4   0x0000002c   Code   RO          700    locale$$code        c_w.l(lc_ctype_c.o)
    0x08004b10   0x00000062   Code   RO          549    x$fpl$d2f           fz_ws.l(d2f.o)
    0x08004b72   0x00000002   PAD
    0x08004b74   0x00000150   Code   RO          551    x$fpl$dadd          fz_ws.l(daddsub_clz.o)
    0x08004cc4   0x00000010   Code   RO          667    x$fpl$dcheck1       fz_ws.l(dcheck1.o)
    0x08004cd4   0x00000018   Code   RO          688    x$fpl$dcmpinf       fz_ws.l(dcmpi.o)
    0x08004cec   0x000002b0   Code   RO          558    x$fpl$ddiv          fz_ws.l(ddiv.o)
    0x08004f9c   0x0000002e   Code   RO          562    x$fpl$dflt          fz_ws.l(dflt_clz.o)
    0x08004fca   0x00000002   PAD
    0x08004fcc   0x00000078   Code   RO          669    x$fpl$dleqf         fz_ws.l(dleqf.o)
    0x08005044   0x00000154   Code   RO          611    x$fpl$dmul          fz_ws.l(dmul.o)
    0x08005198   0x0000009c   Code   RO          613    x$fpl$dnaninf       fz_ws.l(dnaninf.o)
    0x08005234   0x0000000c   Code   RO          615    x$fpl$dretinf       fz_ws.l(dretinf.o)
    0x08005240   0x0000006c   Code   RO          617    x$fpl$drleqf        fz_ws.l(drleqf.o)
    0x080052ac   0x00000016   Code   RO          552    x$fpl$drsb          fz_ws.l(daddsub_clz.o)
    0x080052c2   0x00000002   PAD
    0x080052c4   0x000001cc   Code   RO          671    x$fpl$dsqrt         fz_ws.l(dsqrt_noumaal.o)
    0x08005490   0x000001d4   Code   RO          553    x$fpl$dsub          fz_ws.l(daddsub_clz.o)
    0x08005664   0x00000056   Code   RO          567    x$fpl$f2d           fz_ws.l(f2d.o)
    0x080056ba   0x00000002   PAD
    0x080056bc   0x000000c4   Code   RO          569    x$fpl$fadd          fz_ws.l(faddsub_clz.o)
    0x08005780   0x00000030   Code   RO          576    x$fpl$fflt          fz_ws.l(fflt_clz.o)
    0x080057b0   0x00000102   Code   RO          581    x$fpl$fmul          fz_ws.l(fmul.o)
    0x080058b2   0x0000008c   Code   RO          619    x$fpl$fnaninf       fz_ws.l(fnaninf.o)
    0x0800593e   0x0000000e   Code   RO          743    x$fpl$fpinit        fz_ws.l(fpinit.o)
    0x0800594c   0x0000000a   Code   RO          621    x$fpl$fretinf       fz_ws.l(fretinf.o)
    0x08005956   0x00000002   PAD
    0x08005958   0x000000ea   Code   RO          571    x$fpl$fsub          fz_ws.l(faddsub_clz.o)
    0x08005a42   0x00000064   Code   RO          690    x$fpl$retnan        fz_ws.l(retnan.o)
    0x08005aa6   0x0000005c   Code   RO          623    x$fpl$scalbn        fz_ws.l(scalbn.o)
    0x08005b02   0x00000030   Code   RO          745    x$fpl$trapveneer    fz_ws.l(trapv.o)
    0x08005b32   0x00000000   Code   RO          625    x$fpl$usenofp       fz_ws.l(usenofp.o)
    0x08005b32   0x00000028   Data   RO          495    .constdata          c_w.l(_printf_hex_int.o)
    0x08005b5a   0x00000011   Data   RO          525    .constdata          c_w.l(__printf_flags_wp.o)
    0x08005b6b   0x00000005   PAD
    0x08005b70   0x00000088   Data   RO          585    .constdata          m_ws.l(pow.o)
    0x08005bf8   0x00000008   Data   RO          632    .constdata          m_ws.l(qnan.o)
    0x08005c00   0x00000020   Data   RO          828    Region$$Table       anon$$obj.o
    0x08005c20   0x00000110   Data   RO          699    locale$$data        c_w.l(lc_ctype_c.o)


    Execution Region RW_IRAM1 (Base: 0x20000000, Size: 0x00000ee8, Max: 0x00010000, ABSOLUTE)

    Base Addr    Size         Type   Attr      Idx    E Section Name        Object

    0x20000000   0x0000001c   Data   RW            3    .data               main.o
    0x2000001c   0x00000014   Data   RW          135    .data               system_stm32f10x.o
    0x20000030   0x00000014   Data   RW          375    .data               stm32f10x_rcc.o
    0x20000044   0x00000840   Zero   RW            2    .bss                main.o
    0x20000884   0x00000060   Zero   RW          674    .bss                c_w.l(libspace.o)
    0x200008e4   0x00000004   PAD
    0x200008e8   0x00000200   Zero   RW          473    HEAP                startup_stm32f10x_cl.o
    0x20000ae8   0x00000400   Zero   RW          472    STACK               startup_stm32f10x_cl.o


==============================================================================

Image component sizes


      Code (inc. data)   RO Data    RW Data    ZI Data      Debug   Object Name

      1040         58          0          0          0       3356   can.o
         0          0          0          0          0         32   core_cm3.o
      1632        110          0         28       2112     279772   main.o
       256         30          0          0          0       1813   misc.o
        64         26        336          0       1536        852   startup_stm32f10x_cl.o
      1240         28          0          0          0      11161   stm32f10x_adc.o
      2752         58          0          0          0       8152   stm32f10x_can.o
       592         20          0          0          0       4378   stm32f10x_dma.o
       940         46          0          0          0       5785   stm32f10x_gpio.o
       392         48          0          0          0       8150   stm32f10x_it.o
      1416         82          0         20          0      11386   stm32f10x_rcc.o
      1190         22          0          0          0       8508   stm32f10x_usart.o
       664         50          0         20          0       2075   system_stm32f10x.o
       580         18          0          0          0       2029   usart.o

    ----------------------------------------------------------------------
     12760        596        368         68       3648     347449   Object Totals
         0          0         32          0          0          0   (incl. Generated)
         2          0          0          0          0          0   (incl. Padding)

    ----------------------------------------------------------------------

      Code (inc. data)   RO Data    RW Data    ZI Data      Debug   Library Member Name

        60          8          0          0          0         84   __0sscanf.o
         8          0          0          0          0         68   __main.o
       316          6         17          0          0         92   __printf_flags_wp.o
        14          0          0          0          0         68   __printf_wp.o
        52          8          0          0          0          0   __scatter.o
        26          0          0          0          0          0   __scatter_copy.o
        28          0          0          0          0          0   __scatter_zi.o
        28          0          0          0          0         68   _chval.o
        48          6          0          0          0         96   _printf_char_common.o
         6          0          0          0          0          0   _printf_d.o
       120         18          0          0          0         92   _printf_dec.o
        92          4         40          0          0         88   _printf_hex_int.o
       184          0          0          0          0         88   _printf_intcommon.o
        82          0          0          0          0        108   _printf_pad.o
         0          0          0          0          0          0   _printf_percent.o
         4          0          0          0          0          0   _printf_percent_end.o
         6          0          0          0          0          0   _printf_x.o
        22          0          0          0          0        100   _rserrno.o
       888          6          0          0          0        100   _scanf.o
       336          0          0          0          0         96   _scanf_int.o
        64          0          0          0          0         84   _sgetc.o
        10          0          0          0          0         68   _sputc.o
        12          0          0          0          0         72   exit.o
         6          0          0          0          0        152   heapauxi.o
         0          0          0          0          0          0   indicate_semi.o
        18          0          0          0          0         76   isspace.o
        44         10        272          0          0         76   lc_ctype_c.o
         6          0          0          0          0          0   libinit.o
        20          0          0          0          0          0   libinit2.o
         2          0          0          0          0          0   libshutdown.o
         2          0          0          0          0          0   libshutdown2.o
         8          4          0          0         96         68   libspace.o
        40          6          0          0          0         84   noretval__2sprintf.o
        16          4          0          0          0         76   rt_ctype_table.o
         8          4          0          0          0         68   rt_errno_addr_intlibspace.o
         8          4          0          0          0         68   rt_fp_status_addr_intlibspace.o
         8          4          0          0          0         68   rt_locale_intlibspace.o
        78          0          0          0          0         80   rt_memclr_w.o
       138          0          0          0          0         68   rt_memcpy_v6.o
       100          0          0          0          0         80   rt_memcpy_w.o
         0          0          0          0          0          0   rtentry.o
        12          0          0          0          0          0   rtentry2.o
         6          0          0          0          0          0   rtentry4.o
         2          0          0          0          0          0   rtexit.o
        10          0          0          0          0          0   rtexit2.o
        48         10          0          0          0         84   scanf_char.o
       128          0          0          0          0         68   strcmpv7m.o
        62          0          0          0          0         76   strlen.o
        12          4          0          0          0         68   sys_exit.o
        74          0          0          0          0         80   sys_stackheap_outer.o
         2          0          0          0          0         68   use_no_semi.o
        98          4          0          0          0         92   d2f.o
       826         16          0          0          0        356   daddsub_clz.o
        16          4          0          0          0         68   dcheck1.o
        24          0          0          0          0         68   dcmpi.o
       688        140          0          0          0        212   ddiv.o
        46          0          0          0          0         68   dflt_clz.o
       120          4          0          0          0         92   dleqf.o
       340         12          0          0          0        104   dmul.o
       156          4          0          0          0         92   dnaninf.o
        12          0          0          0          0         68   dretinf.o
       108          0          0          0          0         80   drleqf.o
       460         56          0          0          0        120   dsqrt_noumaal.o
        86          4          0          0          0         84   f2d.o
       430          8          0          0          0        168   faddsub_clz.o
        48          0          0          0          0         68   fflt_clz.o
       258          4          0          0          0         84   fmul.o
       140          4          0          0          0         84   fnaninf.o
        14          0          0          0          0         76   fpinit.o
        10          0          0          0          0         68   fretinf.o
       100          0          0          0          0         68   retnan.o
        92          0          0          0          0         68   scalbn.o
        48          0          0          0          0         68   trapv.o
         0          0          0          0          0          0   usenofp.o
        16          6          0          0          0         68   dunder.o
        40          0          0          0          0         68   fpclassify.o
       170          0          0          0          0         96   poly.o
      2540        190        136          0          0        340   pow.o
         0          0          8          0          0          0   qnan.o
        76          0          0          0          0         84   sqrt.o

    ----------------------------------------------------------------------
     10250        562        478          0        100       5692   Library Totals
        24          0          5          0          4          0   (incl. Padding)

    ----------------------------------------------------------------------

      Code (inc. data)   RO Data    RW Data    ZI Data      Debug   Library Name

      3264        106        329          0         96       2780   c_w.l
      4120        260          0          0          0       2256   fz_ws.l
      2842        196        144          0          0        656   m_ws.l

    ----------------------------------------------------------------------
     10250        562        478          0        100       5692   Library Totals

    ----------------------------------------------------------------------

==============================================================================


      Code (inc. data)   RO Data    RW Data    ZI Data      Debug   

     23010       1158        846         68       3748     348513   Grand Totals
     23010       1158        846         68       3748     348513   ELF Image Totals
     23010       1158        846         68          0          0   ROM Totals

==============================================================================

    Total RO  Size (Code + RO Data)                23856 (  23.30kB)
    Total RW  Size (RW Data + ZI Data)              3816 (   3.73kB)
    Total ROM Size (Code + RO Data + RW Data)      23924 (  23.36kB)

==============================================================================

